Component: ARM Compiler 5.05 update 1 (build 106) Tool: armlink [4d0efa]

==============================================================================

Section Cross References

    main.o(i.Task_1) refers to _printf_percent.o(.ARM.Collect$$_printf_percent$$00000000) for _printf_percent
    main.o(i.Task_1) refers to _printf_f.o(.ARM.Collect$$_printf_percent$$00000003) for _printf_f
    main.o(i.Task_1) refers to printf1.o(x$fpl$printf1) for _printf_fp_dec
    main.o(i.Task_1) refers to f2d.o(x$fpl$f2d) for __aeabi_f2d
    main.o(i.Task_1) refers to noretval__2printf.o(.text) for __2printf
    main.o(i.Task_1) refers to os_time.o(i.OSTimeDly) for OSTimeDly
    main.o(i.Task_2) refers to os_time.o(i.OSTimeDly) for OSTimeDly
    main.o(i.main) refers to bsp.o(i.BSP_Init) for BSP_Init
    main.o(i.main) refers to os_core.o(i.OSInit) for OSInit
    main.o(i.main) refers to os_task.o(i.OSTaskCreate) for OSTaskCreate
    main.o(i.main) refers to os_core.o(i.OSStart) for OSStart
    main.o(i.main) refers to main.o(.bss) for Task_1_STK
    main.o(i.main) refers to main.o(i.Task_1) for Task_1
    led.o(i.LED_INIT) refers to stm32f4xx_gpio.o(i.GPIO_Init) for GPIO_Init
    tim_led.o(i.TIM_LED_INIT) refers to stm32f4xx_rcc.o(i.RCC_APB1PeriphClockCmd) for RCC_APB1PeriphClockCmd
    tim_led.o(i.TIM_LED_INIT) refers to stm32f4xx_tim.o(i.TIM_TimeBaseInit) for TIM_TimeBaseInit
    tim_led.o(i.TIM_LED_INIT) refers to stm32f4xx_tim.o(i.TIM_ITConfig) for TIM_ITConfig
    tim_led.o(i.TIM_LED_INIT) refers to misc.o(i.NVIC_Init) for NVIC_Init
    tim_led.o(i.TIM_LED_INIT) refers to stm32f4xx_tim.o(i.TIM_Cmd) for TIM_Cmd
    pwm_led.o(i.PWM_LED_INIT) refers to gpio.o(i.GPIO_Set) for GPIO_Set
    pwm_led.o(i.PWM_LED_INIT) refers to gpio.o(i.GPIO_AF_Set) for GPIO_AF_Set
    nvic.o(i.MY_NVIC_Init) refers to nvic.o(i.MY_NVIC_PriorityGroupConfig) for MY_NVIC_PriorityGroupConfig
    usart.o(.rev16_text) refers (Special) to use_no_semi_2.o(.text) for __use_no_semihosting
    usart.o(.revsh_text) refers (Special) to use_no_semi_2.o(.text) for __use_no_semihosting
    usart.o(i._sys_exit) refers (Special) to use_no_semi_2.o(.text) for __use_no_semihosting
    usart.o(i.fputc) refers (Special) to use_no_semi_2.o(.text) for __use_no_semihosting
    usart.o(i.uart_init) refers (Special) to use_no_semi_2.o(.text) for __use_no_semihosting
    usart.o(i.uart_init) refers to gpio.o(i.GPIO_Set) for GPIO_Set
    usart.o(i.uart_init) refers to gpio.o(i.GPIO_AF_Set) for GPIO_AF_Set
    usart.o(.data) refers (Special) to use_no_semi_2.o(.text) for __use_no_semihosting
    pwm.o(i.PWM_OUT_INIT) refers to gpio.o(i.GPIO_Set) for GPIO_Set
    pwm.o(i.PWM_OUT_INIT) refers to gpio.o(i.GPIO_AF_Set) for GPIO_AF_Set
    bsp.o(i.BSP_Init) refers to bsp.o(i.SysTick_Init) for SysTick_Init
    bsp.o(i.BSP_Init) refers to pwm_led.o(i.PWM_LED_INIT) for PWM_LED_INIT
    bsp.o(i.BSP_Init) refers to usart.o(i.uart_init) for uart_init
    bsp.o(i.BSP_Init) refers to pwm.o(i.PWM_OUT_INIT) for PWM_OUT_INIT
    bsp.o(i.SysTick_Init) refers to stm32f4xx_rcc.o(i.RCC_GetClocksFreq) for RCC_GetClocksFreq
    startup_stm32f401xx.o(STACK) refers (Special) to heapauxi.o(.text) for __use_two_region_memory
    startup_stm32f401xx.o(HEAP) refers (Special) to heapauxi.o(.text) for __use_two_region_memory
    startup_stm32f401xx.o(RESET) refers (Special) to heapauxi.o(.text) for __use_two_region_memory
    startup_stm32f401xx.o(RESET) refers to startup_stm32f401xx.o(STACK) for __initial_sp
    startup_stm32f401xx.o(RESET) refers to startup_stm32f401xx.o(.text) for Reset_Handler
    startup_stm32f401xx.o(RESET) refers to stm32f4xx_it.o(i.NMI_Handler) for NMI_Handler
    startup_stm32f401xx.o(RESET) refers to stm32f4xx_it.o(i.HardFault_Handler) for HardFault_Handler
    startup_stm32f401xx.o(RESET) refers to stm32f4xx_it.o(i.MemManage_Handler) for MemManage_Handler
    startup_stm32f401xx.o(RESET) refers to stm32f4xx_it.o(i.BusFault_Handler) for BusFault_Handler
    startup_stm32f401xx.o(RESET) refers to stm32f4xx_it.o(i.UsageFault_Handler) for UsageFault_Handler
    startup_stm32f401xx.o(RESET) refers to stm32f4xx_it.o(i.SVC_Handler) for SVC_Handler
    startup_stm32f401xx.o(RESET) refers to stm32f4xx_it.o(i.DebugMon_Handler) for DebugMon_Handler
    startup_stm32f401xx.o(RESET) refers to os_cpu_a.o(.text) for OS_CPU_PendSVHandler
    startup_stm32f401xx.o(RESET) refers to stm32f4xx_it.o(i.SysTick_Handler) for SysTick_Handler
    startup_stm32f401xx.o(RESET) refers to stm32f4xx_it.o(i.TIM3_IRQHandler) for TIM3_IRQHandler
    startup_stm32f401xx.o(.text) refers (Special) to heapauxi.o(.text) for __use_two_region_memory
    startup_stm32f401xx.o(.text) refers to system_stm32f4xx.o(i.SystemInit) for SystemInit
    startup_stm32f401xx.o(.text) refers to __main.o(!!!main) for __main
    startup_stm32f401xx.o(.text) refers to startup_stm32f401xx.o(HEAP) for Heap_Mem
    startup_stm32f401xx.o(.text) refers to startup_stm32f401xx.o(STACK) for Stack_Mem
[...]
    Removing stm32f4xx_tim.o(i.TIM_UpdateDisableConfig), (24 bytes).
    Removing stm32f4xx_tim.o(i.TIM_UpdateRequestConfig), (24 bytes).
    Removing stm32f4xx_usart.o(.rev16_text), (4 bytes).
    Removing stm32f4xx_usart.o(.revsh_text), (4 bytes).
    Removing stm32f4xx_usart.o(i.USART_ClearFlag), (18 bytes).
    Removing stm32f4xx_usart.o(i.USART_ClearITPendingBit), (30 bytes).
    Removing stm32f4xx_usart.o(i.USART_ClockInit), (32 bytes).
    Removing stm32f4xx_usart.o(i.USART_ClockStructInit), (12 bytes).
    Removing stm32f4xx_usart.o(i.USART_Cmd), (24 bytes).
    Removing stm32f4xx_usart.o(i.USART_DMACmd), (18 bytes).
    Removing stm32f4xx_usart.o(i.USART_DeInit), (240 bytes).
    Removing stm32f4xx_usart.o(i.USART_GetFlagStatus), (26 bytes).
    Removing stm32f4xx_usart.o(i.USART_GetITStatus), (84 bytes).
    Removing stm32f4xx_usart.o(i.USART_HalfDuplexCmd), (24 bytes).
    Removing stm32f4xx_usart.o(i.USART_ITConfig), (74 bytes).
    Removing stm32f4xx_usart.o(i.USART_Init), (212 bytes).
    Removing stm32f4xx_usart.o(i.USART_IrDACmd), (24 bytes).
    Removing stm32f4xx_usart.o(i.USART_IrDAConfig), (18 bytes).
    Removing stm32f4xx_usart.o(i.USART_LINBreakDetectLengthConfig), (18 bytes).
    Removing stm32f4xx_usart.o(i.USART_LINCmd), (24 bytes).
    Removing stm32f4xx_usart.o(i.USART_OneBitMethodCmd), (24 bytes).
    Removing stm32f4xx_usart.o(i.USART_OverSampling8Cmd), (22 bytes).
    Removing stm32f4xx_usart.o(i.USART_ReceiveData), (10 bytes).
    Removing stm32f4xx_usart.o(i.USART_ReceiverWakeUpCmd), (24 bytes).
    Removing stm32f4xx_usart.o(i.USART_SendBreak), (10 bytes).
    Removing stm32f4xx_usart.o(i.USART_SendData), (8 bytes).
    Removing stm32f4xx_usart.o(i.USART_SetAddress), (18 bytes).
    Removing stm32f4xx_usart.o(i.USART_SetGuardTime), (16 bytes).
    Removing stm32f4xx_usart.o(i.USART_SetPrescaler), (16 bytes).
    Removing stm32f4xx_usart.o(i.USART_SmartCardCmd), (24 bytes).
    Removing stm32f4xx_usart.o(i.USART_SmartCardNACKCmd), (24 bytes).
    Removing stm32f4xx_usart.o(i.USART_StructInit), (24 bytes).
    Removing stm32f4xx_usart.o(i.USART_WakeUpConfig), (18 bytes).
    Removing stm32f4xx_wwdg.o(.rev16_text), (4 bytes).
    Removing stm32f4xx_wwdg.o(.revsh_text), (4 bytes).
    Removing stm32f4xx_wwdg.o(i.WWDG_ClearFlag), (12 bytes).
    Removing stm32f4xx_wwdg.o(i.WWDG_DeInit), (22 bytes).
    Removing stm32f4xx_wwdg.o(i.WWDG_Enable), (16 bytes).
    Removing stm32f4xx_wwdg.o(i.WWDG_EnableIT), (12 bytes).
    Removing stm32f4xx_wwdg.o(i.WWDG_GetFlagStatus), (20 bytes).
    Removing stm32f4xx_wwdg.o(i.WWDG_SetCounter), (16 bytes).
    Removing stm32f4xx_wwdg.o(i.WWDG_SetPrescaler), (24 bytes).
    Removing stm32f4xx_wwdg.o(i.WWDG_SetWindowValue), (40 bytes).

820 unused section(s) (total 36390 bytes) removed from the image.

==============================================================================

Image Symbol Table

    Local Symbols

    Symbol Name                              Value     Ov Type        Size  Object(Section)

    ../clib/angel/boardlib.s                 0x00000000   Number         0  boardshut.o ABSOLUTE
    ../clib/angel/boardlib.s                 0x00000000   Number         0  boardinit3.o ABSOLUTE
    ../clib/angel/boardlib.s                 0x00000000   Number         0  boardinit2.o ABSOLUTE
    ../clib/angel/boardlib.s                 0x00000000   Number         0  boardinit1.o ABSOLUTE
    ../clib/angel/handlers.s                 0x00000000   Number         0  __scatter_zi.o ABSOLUTE
    ../clib/angel/handlers.s                 0x00000000   Number         0  __scatter_copy.o ABSOLUTE
    ../clib/angel/kernel.s                   0x00000000   Number         0  rtexit2.o ABSOLUTE
    ../clib/angel/kernel.s                   0x00000000   Number         0  __rtentry.o ABSOLUTE
    ../clib/angel/kernel.s                   0x00000000   Number         0  rtexit.o ABSOLUTE
    ../clib/angel/kernel.s                   0x00000000   Number         0  __rtentry2.o ABSOLUTE
    ../clib/angel/kernel.s                   0x00000000   Number         0  __rtentry4.o ABSOLUTE
    ../clib/angel/rt.s                       0x00000000   Number         0  rt_raise.o ABSOLUTE
    ../clib/angel/rt.s                       0x00000000   Number         0  rt_locale_intlibspace.o ABSOLUTE
    ../clib/angel/rt.s                       0x00000000   Number         0  rt_locale.o ABSOLUTE
    ../clib/angel/scatter.s                  0x00000000   Number         0  __scatter.o ABSOLUTE
    ../clib/angel/startup.s                  0x00000000   Number         0  __main.o ABSOLUTE
    ../clib/angel/sys.s                      0x00000000   Number         0  use_no_semi_2.o ABSOLUTE
    ../clib/angel/sys.s                      0x00000000   Number         0  use_no_semi.o ABSOLUTE
    ../clib/angel/sys.s                      0x00000000   Number         0  libspace.o ABSOLUTE
    ../clib/angel/sys.s                      0x00000000   Number         0  sys_stackheap_outer.o ABSOLUTE
    ../clib/angel/sys.s                      0x00000000   Number         0  indicate_semi.o ABSOLUTE
    ../clib/angel/sysapp.c                   0x00000000   Number         0  sys_command.o ABSOLUTE
    ../clib/angel/sysapp.c                   0x00000000   Number         0  sys_wrch.o ABSOLUTE
    ../clib/armsys.c                         0x00000000   Number         0  argv_veneer.o ABSOLUTE
    ../clib/armsys.c                         0x00000000   Number         0  argv_veneer.o ABSOLUTE
    ../clib/armsys.c                         0x00000000   Number         0  no_argv.o ABSOLUTE
    ../clib/armsys.c                         0x00000000   Number         0  _get_argv_nomalloc.o ABSOLUTE
    ../clib/bigflt.c                         0x00000000   Number         0  bigflt0.o ABSOLUTE
    ../clib/btod.s                           0x00000000   Number         0  btod.o ABSOLUTE
    ../clib/heapalloc.c                      0x00000000   Number         0  hrguard.o ABSOLUTE
    ../clib/heapaux.c                        0x00000000   Number         0  heapauxi.o ABSOLUTE
    ../clib/libinit.s                        0x00000000   Number         0  libshutdown2.o ABSOLUTE
    ../clib/libinit.s                        0x00000000   Number         0  libshutdown.o ABSOLUTE
    ../clib/libinit.s                        0x00000000   Number         0  libinit.o ABSOLUTE
    ../clib/libinit.s                        0x00000000   Number         0  libinit2.o ABSOLUTE
    ../clib/locale.s                         0x00000000   Number         0  lc_numeric_c.o ABSOLUTE
    ../clib/longlong.s                       0x00000000   Number         0  lludiv10.o ABSOLUTE
    ../clib/memcpset.s                       0x00000000   Number         0  strcmpv7m.o ABSOLUTE
    ../clib/printf.c                         0x00000000   Number         0  __printf_flags.o ABSOLUTE
    ../clib/printf.c                         0x00000000   Number         0  __printf_flags_ss.o ABSOLUTE
    ../clib/printf.c                         0x00000000   Number         0  __printf_wp.o ABSOLUTE
    ../clib/printf.c                         0x00000000   Number         0  __printf_flags_wp.o ABSOLUTE
    ../clib/printf.c                         0x00000000   Number         0  __printf_ss_wp.o ABSOLUTE
    ../clib/printf.c                         0x00000000   Number         0  __printf_flags_ss_wp.o ABSOLUTE
    ../clib/printf.c                         0x00000000   Number         0  __printf.o ABSOLUTE
    ../clib/printf.c                         0x00000000   Number         0  _printf_fp_dec.o ABSOLUTE
    ../clib/printf.c                         0x00000000   Number         0  noretval__2printf.o ABSOLUTE
    ../clib/printf.c                         0x00000000   Number         0  __2printf.o ABSOLUTE
    ../clib/printf.c                         0x00000000   Number         0  _printf_char_file.o ABSOLUTE
    ../clib/printf.c                         0x00000000   Number         0  __printf_nopercent.o ABSOLUTE
    ../clib/printf.c                         0x00000000   Number         0  _printf_fp_infnan.o ABSOLUTE
    ../clib/printf.c                         0x00000000   Number         0  _printf_char_common.o ABSOLUTE
    ../clib/printf.c                         0x00000000   Number         0  __printf_ss.o ABSOLUTE
    ../clib/printf_percent.s                 0x00000000   Number         0  _printf_percent.o ABSOLUTE
    ../clib/printf_percent.s                 0x00000000   Number         0  _printf_percent_end.o ABSOLUTE
    ../clib/printf_percent.s                 0x00000000   Number         0  _printf_f.o ABSOLUTE
    ../clib/signal.c                         0x00000000   Number         0  __raise.o ABSOLUTE
    ../clib/signal.c                         0x00000000   Number         0  defsig_rtmem_outer.o ABSOLUTE
    ../clib/signal.c                         0x00000000   Number         0  defsig_pvfn_inner.o ABSOLUTE
    ../clib/signal.c                         0x00000000   Number         0  defsig_cppl_inner.o ABSOLUTE
    ../clib/signal.c                         0x00000000   Number         0  defsig_rtmem_inner.o ABSOLUTE
    ../clib/signal.c                         0x00000000   Number         0  defsig_segv_inner.o ABSOLUTE
    ../clib/signal.c                         0x00000000   Number         0  defsig_general.o ABSOLUTE
    ../clib/signal.c                         0x00000000   Number         0  defsig_exit.o ABSOLUTE
    ../clib/signal.c                         0x00000000   Number         0  defsig_abrt_inner.o ABSOLUTE
    ../clib/signal.c                         0x00000000   Number         0  defsig_fpe_inner.o ABSOLUTE
    ../clib/signal.c                         0x00000000   Number         0  defsig_rtred_inner.o ABSOLUTE
    ../clib/signal.c                         0x00000000   Number         0  defsig_stak_inner.o ABSOLUTE
    ../clib/signal.c                         0x00000000   Number         0  defsig_other.o ABSOLUTE
    ../clib/signal.c                         0x00000000   Number         0  defsig_rtmem_formal.o ABSOLUTE
    ../clib/signal.s                         0x00000000   Number         0  defsig.o ABSOLUTE
    ../clib/stdio.c                          0x00000000   Number         0  ferror.o ABSOLUTE
    ../clib/stdio.c                          0x00000000   Number         0  ferror_locked.o ABSOLUTE
    ../clib/stdlib.c                         0x00000000   Number         0  exit.o ABSOLUTE
    ../fplib/dretinf.s                       0x00000000   Number         0  dretinf.o ABSOLUTE
    ../fplib/f2d.s                           0x00000000   Number         0  f2d.o ABSOLUTE
    ../fplib/fnaninf.s                       0x00000000   Number         0  fnaninf.o ABSOLUTE
    ../fplib/fpinit.s                        0x00000000   Number         0  fpinit.o ABSOLUTE
    ../fplib/istatus.s                       0x00000000   Number         0  istatus.o ABSOLUTE
    ../fplib/printf1.s                       0x00000000   Number         0  printf1.o ABSOLUTE
    ../fplib/usenofp.s                       0x00000000   Number         0  usenofp.o ABSOLUTE
    ../mathlib/fpclassify.c                  0x00000000   Number         0  fpclassify.o ABSOLUTE
    APP\\main.c                              0x00000000   Number         0  main.o ABSOLUTE
    APP\main.c                               0x00000000   Number         0  main.o ABSOLUTE
    APP_FUNC\\gpio.c                         0x00000000   Number         0  gpio.o ABSOLUTE
    APP_FUNC\\led.c                          0x00000000   Number         0  led.o ABSOLUTE
    APP_FUNC\\nvic.c                         0x00000000   Number         0  nvic.o ABSOLUTE
    APP_FUNC\\pwm.c                          0x00000000   Number         0  pwm.o ABSOLUTE
    APP_FUNC\\pwm_led.c                      0x00000000   Number         0  pwm_led.o ABSOLUTE
    APP_FUNC\\tim_led.c                      0x00000000   Number         0  tim_led.o ABSOLUTE
    APP_FUNC\\usart.c                        0x00000000   Number         0  usart.o ABSOLUTE
    APP_FUNC\gpio.c                          0x00000000   Number         0  gpio.o ABSOLUTE
    APP_FUNC\led.c                           0x00000000   Number         0  led.o ABSOLUTE
    APP_FUNC\nvic.c                          0x00000000   Number         0  nvic.o ABSOLUTE
    APP_FUNC\pwm.c                           0x00000000   Number         0  pwm.o ABSOLUTE
    APP_FUNC\pwm_led.c                       0x00000000   Number         0  pwm_led.o ABSOLUTE
    APP_FUNC\tim_led.c                       0x00000000   Number         0  tim_led.o ABSOLUTE
    APP_FUNC\usart.c                         0x00000000   Number         0  usart.o ABSOLUTE
    BSP_SELF\BSP.c                           0x00000000   Number         0  bsp.o ABSOLUTE
    BSP_SELF\\BSP.c                          0x00000000   Number         0  bsp.o ABSOLUTE
    BSP_SELF\\stm32f4xx_it.c                 0x00000000   Number         0  stm32f4xx_it.o ABSOLUTE
    BSP_SELF\\system_stm32f4xx.c             0x00000000   Number         0  system_stm32f4xx.o ABSOLUTE
    BSP_SELF\startup_stm32f401xx.s           0x00000000   Number         0  startup_stm32f401xx.o ABSOLUTE
    BSP_SELF\stm32f4xx_it.c                  0x00000000   Number         0  stm32f4xx_it.o ABSOLUTE
    BSP_SELF\system_stm32f4xx.c              0x00000000   Number         0  system_stm32f4xx.o ABSOLUTE
    DRIVER\\misc.c                           0x00000000   Number         0  misc.o ABSOLUTE
    DRIVER\\stm32f4xx_adc.c                  0x00000000   Number         0  stm32f4xx_adc.o ABSOLUTE
    DRIVER\\stm32f4xx_can.c                  0x00000000   Number         0  stm32f4xx_can.o ABSOLUTE
    DRIVER\\stm32f4xx_crc.c                  0x00000000   Number         0  stm32f4xx_crc.o ABSOLUTE
    DRIVER\\stm32f4xx_cryp.c                 0x00000000   Number         0  stm32f4xx_cryp.o ABSOLUTE
    DRIVER\\stm32f4xx_cryp_aes.c             0x00000000   Number         0  stm32f4xx_cryp_aes.o ABSOLUTE
    DRIVER\\stm32f4xx_cryp_des.c             0x00000000   Number         0  stm32f4xx_cryp_des.o ABSOLUTE
    DRIVER\\stm32f4xx_cryp_tdes.c            0x00000000   Number         0  stm32f4xx_cryp_tdes.o ABSOLUTE
    DRIVER\\stm32f4xx_dac.c                  0x00000000   Number         0  stm32f4xx_dac.o ABSOLUTE
    DRIVER\\stm32f4xx_dbgmcu.c               0x00000000   Number         0  stm32f4xx_dbgmcu.o ABSOLUTE
    DRIVER\\stm32f4xx_dcmi.c                 0x00000000   Number         0  stm32f4xx_dcmi.o ABSOLUTE
    DRIVER\\stm32f4xx_dma.c                  0x00000000   Number         0  stm32f4xx_dma.o ABSOLUTE
    DRIVER\\stm32f4xx_dma2d.c                0x00000000   Number         0  stm32f4xx_dma2d.o ABSOLUTE
    DRIVER\\stm32f4xx_exti.c                 0x00000000   Number         0  stm32f4xx_exti.o ABSOLUTE
    DRIVER\\stm32f4xx_flash.c                0x00000000   Number         0  stm32f4xx_flash.o ABSOLUTE
    DRIVER\\stm32f4xx_gpio.c                 0x00000000   Number         0  stm32f4xx_gpio.o ABSOLUTE
    DRIVER\\stm32f4xx_hash.c                 0x00000000   Number         0  stm32f4xx_hash.o ABSOLUTE
    DRIVER\\stm32f4xx_hash_md5.c             0x00000000   Number         0  stm32f4xx_hash_md5.o ABSOLUTE
    DRIVER\\stm32f4xx_hash_sha1.c            0x00000000   Number         0  stm32f4xx_hash_sha1.o ABSOLUTE
    DRIVER\\stm32f4xx_i2c.c                  0x00000000   Number         0  stm32f4xx_i2c.o ABSOLUTE
    DRIVER\\stm32f4xx_iwdg.c                 0x00000000   Number         0  stm32f4xx_iwdg.o ABSOLUTE
    DRIVER\\stm32f4xx_ltdc.c                 0x00000000   Number         0  stm32f4xx_ltdc.o ABSOLUTE
    DRIVER\\stm32f4xx_pwr.c                  0x00000000   Number         0  stm32f4xx_pwr.o ABSOLUTE
    DRIVER\\stm32f4xx_rcc.c                  0x00000000   Number         0  stm32f4xx_rcc.o ABSOLUTE
    DRIVER\\stm32f4xx_rng.c                  0x00000000   Number         0  stm32f4xx_rng.o ABSOLUTE
    DRIVER\\stm32f4xx_rtc.c                  0x00000000   Number         0  stm32f4xx_rtc.o ABSOLUTE
    DRIVER\\stm32f4xx_sai.c                  0x00000000   Number         0  stm32f4xx_sai.o ABSOLUTE
    DRIVER\\stm32f4xx_sdio.c                 0x00000000   Number         0  stm32f4xx_sdio.o ABSOLUTE
    DRIVER\\stm32f4xx_spi.c                  0x00000000   Number         0  stm32f4xx_spi.o ABSOLUTE
    DRIVER\\stm32f4xx_syscfg.c               0x00000000   Number         0  stm32f4xx_syscfg.o ABSOLUTE
    DRIVER\\stm32f4xx_tim.c                  0x00000000   Number         0  stm32f4xx_tim.o ABSOLUTE
    DRIVER\\stm32f4xx_usart.c                0x00000000   Number         0  stm32f4xx_usart.o ABSOLUTE
    DRIVER\\stm32f4xx_wwdg.c                 0x00000000   Number         0  stm32f4xx_wwdg.o ABSOLUTE
    DRIVER\misc.c                            0x00000000   Number         0  misc.o ABSOLUTE
    DRIVER\stm32f4xx_adc.c                   0x00000000   Number         0  stm32f4xx_adc.o ABSOLUTE
    DRIVER\stm32f4xx_can.c                   0x00000000   Number         0  stm32f4xx_can.o ABSOLUTE
    DRIVER\stm32f4xx_crc.c                   0x00000000   Number         0  stm32f4xx_crc.o ABSOLUTE
    DRIVER\stm32f4xx_cryp.c                  0x00000000   Number         0  stm32f4xx_cryp.o ABSOLUTE
    DRIVER\stm32f4xx_cryp_aes.c              0x00000000   Number         0  stm32f4xx_cryp_aes.o ABSOLUTE
    DRIVER\stm32f4xx_cryp_des.c              0x00000000   Number         0  stm32f4xx_cryp_des.o ABSOLUTE
    DRIVER\stm32f4xx_cryp_tdes.c             0x00000000   Number         0  stm32f4xx_cryp_tdes.o ABSOLUTE
    DRIVER\stm32f4xx_dac.c                   0x00000000   Number         0  stm32f4xx_dac.o ABSOLUTE
    DRIVER\stm32f4xx_dbgmcu.c                0x00000000   Number         0  stm32f4xx_dbgmcu.o ABSOLUTE
    DRIVER\stm32f4xx_dcmi.c                  0x00000000   Number         0  stm32f4xx_dcmi.o ABSOLUTE
    DRIVER\stm32f4xx_dma.c                   0x00000000   Number         0  stm32f4xx_dma.o ABSOLUTE
    DRIVER\stm32f4xx_dma2d.c                 0x00000000   Number         0  stm32f4xx_dma2d.o ABSOLUTE
    DRIVER\stm32f4xx_exti.c                  0x00000000   Number         0  stm32f4xx_exti.o ABSOLUTE
    DRIVER\stm32f4xx_flash.c                 0x00000000   Number         0  stm32f4xx_flash.o ABSOLUTE
    DRIVER\stm32f4xx_gpio.c                  0x00000000   Number         0  stm32f4xx_gpio.o ABSOLUTE
    DRIVER\stm32f4xx_hash.c                  0x00000000   Number         0  stm32f4xx_hash.o ABSOLUTE
    DRIVER\stm32f4xx_hash_md5.c              0x00000000   Number         0  stm32f4xx_hash_md5.o ABSOLUTE
    DRIVER\stm32f4xx_hash_sha1.c             0x00000000   Number         0  stm32f4xx_hash_sha1.o ABSOLUTE
    DRIVER\stm32f4xx_i2c.c                   0x00000000   Number         0  stm32f4xx_i2c.o ABSOLUTE
    DRIVER\stm32f4xx_iwdg.c                  0x00000000   Number         0  stm32f4xx_iwdg.o ABSOLUTE
    DRIVER\stm32f4xx_ltdc.c                  0x00000000   Number         0  stm32f4xx_ltdc.o ABSOLUTE
    DRIVER\stm32f4xx_pwr.c                   0x00000000   Number         0  stm32f4xx_pwr.o ABSOLUTE
    DRIVER\stm32f4xx_rcc.c                   0x00000000   Number         0  stm32f4xx_rcc.o ABSOLUTE
    DRIVER\stm32f4xx_rng.c                   0x00000000   Number         0  stm32f4xx_rng.o ABSOLUTE
    DRIVER\stm32f4xx_rtc.c                   0x00000000   Number         0  stm32f4xx_rtc.o ABSOLUTE
    DRIVER\stm32f4xx_sai.c                   0x00000000   Number         0  stm32f4xx_sai.o ABSOLUTE
    DRIVER\stm32f4xx_sdio.c                  0x00000000   Number         0  stm32f4xx_sdio.o ABSOLUTE
    DRIVER\stm32f4xx_spi.c                   0x00000000   Number         0  stm32f4xx_spi.o ABSOLUTE
    DRIVER\stm32f4xx_syscfg.c                0x00000000   Number         0  stm32f4xx_syscfg.o ABSOLUTE
    DRIVER\stm32f4xx_tim.c                   0x00000000   Number         0  stm32f4xx_tim.o ABSOLUTE
    DRIVER\stm32f4xx_usart.c                 0x00000000   Number         0  stm32f4xx_usart.o ABSOLUTE
    DRIVER\stm32f4xx_wwdg.c                  0x00000000   Number         0  stm32f4xx_wwdg.o ABSOLUTE
    UCOS_PORT\\os_cpu_c.c                    0x00000000   Number         0  os_cpu_c.o ABSOLUTE
    UCOS_PORT\\os_dbg.c                      0x00000000   Number         0  os_dbg.o ABSOLUTE
    UCOS_PORT\os_cpu_a.s                     0x00000000   Number         0  os_cpu_a.o ABSOLUTE
    UCOS_PORT\os_cpu_c.c                     0x00000000   Number         0  os_cpu_c.o ABSOLUTE
    UCOS_PORT\os_dbg.c                       0x00000000   Number         0  os_dbg.o ABSOLUTE
    UCOS_SOURCE\\os_core.c                   0x00000000   Number         0  os_core.o ABSOLUTE
    UCOS_SOURCE\\os_flag.c                   0x00000000   Number         0  os_flag.o ABSOLUTE
    UCOS_SOURCE\\os_mbox.c                   0x00000000   Number         0  os_mbox.o ABSOLUTE
    UCOS_SOURCE\\os_mem.c                    0x00000000   Number         0  os_mem.o ABSOLUTE
    UCOS_SOURCE\\os_mutex.c                  0x00000000   Number         0  os_mutex.o ABSOLUTE
    UCOS_SOURCE\\os_q.c                      0x00000000   Number         0  os_q.o ABSOLUTE
    UCOS_SOURCE\\os_sem.c                    0x00000000   Number         0  os_sem.o ABSOLUTE
    UCOS_SOURCE\\os_task.c                   0x00000000   Number         0  os_task.o ABSOLUTE
    UCOS_SOURCE\\os_time.c                   0x00000000   Number         0  os_time.o ABSOLUTE
    UCOS_SOURCE\\os_tmr.c                    0x00000000   Number         0  os_tmr.o ABSOLUTE
    UCOS_SOURCE\os_core.c                    0x00000000   Number         0  os_core.o ABSOLUTE
    UCOS_SOURCE\os_flag.c                    0x00000000   Number         0  os_flag.o ABSOLUTE
    UCOS_SOURCE\os_mbox.c                    0x00000000   Number         0  os_mbox.o ABSOLUTE
    UCOS_SOURCE\os_mem.c                     0x00000000   Number         0  os_mem.o ABSOLUTE
    UCOS_SOURCE\os_mutex.c                   0x00000000   Number         0  os_mutex.o ABSOLUTE
    UCOS_SOURCE\os_q.c                       0x00000000   Number         0  os_q.o ABSOLUTE
    UCOS_SOURCE\os_sem.c                     0x00000000   Number         0  os_sem.o ABSOLUTE
    UCOS_SOURCE\os_task.c                    0x00000000   Number         0  os_task.o ABSOLUTE
    UCOS_SOURCE\os_time.c                    0x00000000   Number         0  os_time.o ABSOLUTE
    UCOS_SOURCE\os_tmr.c                     0x00000000   Number         0  os_tmr.o ABSOLUTE
    dc.s                                     0x00000000   Number         0  dc.o ABSOLUTE
    RESET                                    0x08000000   Section      404  startup_stm32f401xx.o(RESET)
    !!!main                                  0x08000194   Section        8  __main.o(!!!main)
    !!!scatter                               0x0800019c   Section       52  __scatter.o(!!!scatter)
    !!handler_copy                           0x080001d0   Section       26  __scatter_copy.o(!!handler_copy)
    !!handler_zi                             0x080001ec   Section       28  __scatter_zi.o(!!handler_zi)
    .ARM.Collect$$_printf_percent$$00000000  0x08000208   Section        0  _printf_percent.o(.ARM.Collect$$_printf_percent$$00000000)
    .ARM.Collect$$_printf_percent$$00000003  0x08000208   Section        6  _printf_f.o(.ARM.Collect$$_printf_percent$$00000003)
    .ARM.Collect$$_printf_percent$$00000017  0x0800020e   Section        4  _printf_percent_end.o(.ARM.Collect$$_printf_percent$$00000017)
    .ARM.Collect$$libinit$$00000000          0x08000212   Section        2  libinit.o(.ARM.Collect$$libinit$$00000000)
    .ARM.Collect$$libinit$$00000001          0x08000214   Section        4  libinit2.o(.ARM.Collect$$libinit$$00000001)
    .ARM.Collect$$libinit$$00000004          0x08000218   Section        0  libinit2.o(.ARM.Collect$$libinit$$00000004)
    .ARM.Collect$$libinit$$0000000A          0x08000218   Section        0  libinit2.o(.ARM.Collect$$libinit$$0000000A)
    .ARM.Collect$$libinit$$0000000C          0x08000218   Section        0  libinit2.o(.ARM.Collect$$libinit$$0000000C)
    .ARM.Collect$$libinit$$0000000E          0x08000218   Section        0  libinit2.o(.ARM.Collect$$libinit$$0000000E)
    .ARM.Collect$$libinit$$0000000F          0x08000218   Section        6  libinit2.o(.ARM.Collect$$libinit$$0000000F)
    .ARM.Collect$$libinit$$00000011          0x0800021e   Section        0  libinit2.o(.ARM.Collect$$libinit$$00000011)
    .ARM.Collect$$libinit$$00000013          0x0800021e   Section        0  libinit2.o(.ARM.Collect$$libinit$$00000013)
    .ARM.Collect$$libinit$$00000015          0x0800021e   Section        0  libinit2.o(.ARM.Collect$$libinit$$00000015)
    .ARM.Collect$$libinit$$00000016          0x0800021e   Section       10  libinit2.o(.ARM.Collect$$libinit$$00000016)
    .ARM.Collect$$libinit$$00000017          0x08000228   Section        0  libinit2.o(.ARM.Collect$$libinit$$00000017)
    .ARM.Collect$$libinit$$00000019          0x08000228   Section        0  libinit2.o(.ARM.Collect$$libinit$$00000019)
    .ARM.Collect$$libinit$$0000001B          0x08000228   Section        0  libinit2.o(.ARM.Collect$$libinit$$0000001B)
    .ARM.Collect$$libinit$$0000001D          0x08000228   Section        0  libinit2.o(.ARM.Collect$$libinit$$0000001D)
    .ARM.Collect$$libinit$$0000001F          0x08000228   Section        0  libinit2.o(.ARM.Collect$$libinit$$0000001F)
    .ARM.Collect$$libinit$$00000021          0x08000228   Section        0  libinit2.o(.ARM.Collect$$libinit$$00000021)
    .ARM.Collect$$libinit$$00000023          0x08000228   Section        0  libinit2.o(.ARM.Collect$$libinit$$00000023)
    .ARM.Collect$$libinit$$00000025          0x08000228   Section        0  libinit2.o(.ARM.Collect$$libinit$$00000025)
    .ARM.Collect$$libinit$$0000002C          0x08000228   Section        0  libinit2.o(.ARM.Collect$$libinit$$0000002C)
    .ARM.Collect$$libinit$$0000002E          0x08000228   Section        0  libinit2.o(.ARM.Collect$$libinit$$0000002E)
    .ARM.Collect$$libinit$$00000030          0x08000228   Section        0  libinit2.o(.ARM.Collect$$libinit$$00000030)
    .ARM.Collect$$libinit$$00000032          0x08000228   Section        0  libinit2.o(.ARM.Collect$$libinit$$00000032)
    .ARM.Collect$$libinit$$00000033          0x08000228   Section        2  libinit2.o(.ARM.Collect$$libinit$$00000033)
    .ARM.Collect$$libshutdown$$00000000      0x0800022a   Section        2  libshutdown.o(.ARM.Collect$$libshutdown$$00000000)
    .ARM.Collect$$libshutdown$$00000003      0x0800022c   Section        0  libshutdown2.o(.ARM.Collect$$libshutdown$$00000003)
    .ARM.Collect$$libshutdown$$00000006      0x0800022c   Section        0  libshutdown2.o(.ARM.Collect$$libshutdown$$00000006)
    .ARM.Collect$$libshutdown$$00000009      0x0800022c   Section        0  libshutdown2.o(.ARM.Collect$$libshutdown$$00000009)
    .ARM.Collect$$libshutdown$$0000000B      0x0800022c   Section        0  libshutdown2.o(.ARM.Collect$$libshutdown$$0000000B)
    .ARM.Collect$$libshutdown$$0000000E      0x0800022c   Section        0  libshutdown2.o(.ARM.Collect$$libshutdown$$0000000E)
    .ARM.Collect$$libshutdown$$0000000F      0x0800022c   Section        2  libshutdown2.o(.ARM.Collect$$libshutdown$$0000000F)
    .ARM.Collect$$rtentry$$00000000          0x0800022e   Section        0  __rtentry.o(.ARM.Collect$$rtentry$$00000000)
    .ARM.Collect$$rtentry$$00000002          0x0800022e   Section        0  __rtentry2.o(.ARM.Collect$$rtentry$$00000002)
    .ARM.Collect$$rtentry$$00000004          0x0800022e   Section        6  __rtentry4.o(.ARM.Collect$$rtentry$$00000004)
    .ARM.Collect$$rtentry$$00000009          0x08000234   Section        0  __rtentry2.o(.ARM.Collect$$rtentry$$00000009)
    .ARM.Collect$$rtentry$$0000000A          0x08000234   Section        4  __rtentry2.o(.ARM.Collect$$rtentry$$0000000A)
    .ARM.Collect$$rtentry$$0000000C          0x08000238   Section        0  __rtentry2.o(.ARM.Collect$$rtentry$$0000000C)
    .ARM.Collect$$rtentry$$0000000D          0x08000238   Section        8  __rtentry2.o(.ARM.Collect$$rtentry$$0000000D)
    .ARM.Collect$$rtexit$$00000000           0x08000240   Section        2  rtexit.o(.ARM.Collect$$rtexit$$00000000)
    .ARM.Collect$$rtexit$$00000002           0x08000242   Section        0  rtexit2.o(.ARM.Collect$$rtexit$$00000002)
    .ARM.Collect$$rtexit$$00000003           0x08000242   Section        4  rtexit2.o(.ARM.Collect$$rtexit$$00000003)
    .ARM.Collect$$rtexit$$00000004           0x08000246   Section        6  rtexit2.o(.ARM.Collect$$rtexit$$00000004)
    .text                                    0x0800024c   Section       64  startup_stm32f401xx.o(.text)
    $v0                                      0x0800024c   Number         0  startup_stm32f401xx.o(.text)
    .text                                    0x0800028c   Section      168  os_cpu_a.o(.text)
    $v0                                      0x0800028c   Number         0  os_cpu_a.o(.text)
    .text                                    0x08000334   Section        2  use_no_semi_2.o(.text)
    .text                                    0x08000338   Section        0  noretval__2printf.o(.text)
    .text                                    0x08000350   Section        0  __printf.o(.text)
    .text                                    0x080003b8   Section        0  heapauxi.o(.text)
    .text                                    0x080003be   Section        2  use_no_semi.o(.text)
    .text                                    0x080003c0   Section        0  _printf_fp_dec.o(.text)
    _fp_digits                               0x080003c3   Thumb Code   428  _printf_fp_dec.o(.text)
    .text                                    0x080007dc   Section        0  _printf_char_file.o(.text)
    .text                                    0x08000800   Section        8  rt_locale_intlibspace.o(.text)
    .text                                    0x08000808   Section      138  lludiv10.o(.text)
    .text                                    0x08000894   Section        0  _printf_char_common.o(.text)
    _printf_input_char                       0x08000895   Thumb Code    10  _printf_char_common.o(.text)
    .text                                    0x080008c4   Section        0  _printf_fp_infnan.o(.text)
    .text                                    0x08000944   Section        0  bigflt0.o(.text)
    .text                                    0x08000a20   Section        0  ferror.o(.text)
    .text                                    0x08000a28   Section        8  libspace.o(.text)
    .text                                    0x08000a30   Section       74  sys_stackheap_outer.o(.text)
    .text                                    0x08000a7a   Section        0  exit.o(.text)
    .text                                    0x08000a88   Section      128  strcmpv7m.o(.text)
    CL$$btod_d2e                             0x08000b08   Section       62  btod.o(CL$$btod_d2e)
    CL$$btod_d2e_denorm_low                  0x08000b46   Section       70  btod.o(CL$$btod_d2e_denorm_low)
    CL$$btod_d2e_norm_op1                    0x08000b8c   Section       96  btod.o(CL$$btod_d2e_norm_op1)
    CL$$btod_div_common                      0x08000bec   Section      824  btod.o(CL$$btod_div_common)
    CL$$btod_e2e                             0x08000f24   Section      198  btod.o(CL$$btod_e2e)
    CL$$btod_ediv                            0x08000fea   Section       40  btod.o(CL$$btod_ediv)
    CL$$btod_emul                            0x08001012   Section       40  btod.o(CL$$btod_emul)
    CL$$btod_mult_common                     0x0800103a   Section      580  btod.o(CL$$btod_mult_common)
    i.BSP_Init                               0x0800127e   Section        0  bsp.o(i.BSP_Init)
    i.BusFault_Handler                       0x08001298   Section        0  stm32f4xx_it.o(i.BusFault_Handler)
    i.DebugMon_Handler                       0x0800129c   Section        0  stm32f4xx_it.o(i.DebugMon_Handler)
    i.GPIO_AF_Set                            0x0800129e   Section        0  gpio.o(i.GPIO_AF_Set)
    i.GPIO_Set                               0x080012de   Section        0  gpio.o(i.GPIO_Set)
    i.HardFault_Handler                      0x080013bc   Section        0  stm32f4xx_it.o(i.HardFault_Handler)
    i.MemManage_Handler                      0x080013c0   Section        0  stm32f4xx_it.o(i.MemManage_Handler)
    i.NMI_Handler                            0x080013c4   Section        0  stm32f4xx_it.o(i.NMI_Handler)
    i.OSInit                                 0x080013c6   Section        0  os_core.o(i.OSInit)
    i.OSInitHookBegin                        0x080013ec   Section        0  os_cpu_c.o(i.OSInitHookBegin)
    i.OSInitHookEnd                          0x0800141c   Section        0  os_cpu_c.o(i.OSInitHookEnd)
    i.OSIntEnter                             0x08001420   Section        0  os_core.o(i.OSIntEnter)
    i.OSIntExit                              0x08001444   Section        0  os_core.o(i.OSIntExit)
    i.OSStart                                0x080014d4   Section        0  os_core.o(i.OSStart)
    i.OSTCBInitHook                          0x0800151c   Section        0  os_cpu_c.o(i.OSTCBInitHook)
    i.OSTaskCreate                           0x08001520   Section        0  os_task.o(i.OSTaskCreate)
    i.OSTaskCreateExt                        0x080015c0   Section        0  os_task.o(i.OSTaskCreateExt)
    i.OSTaskCreateHook                       0x08001678   Section        0  os_cpu_c.o(i.OSTaskCreateHook)
    i.OSTaskDel                              0x0800167c   Section        0  os_task.o(i.OSTaskDel)
    i.OSTaskDelHook                          0x080017b4   Section        0  os_cpu_c.o(i.OSTaskDelHook)
    i.OSTaskIdleHook                         0x080017b6   Section        0  os_cpu_c.o(i.OSTaskIdleHook)
    i.OSTaskNameSet                          0x080017b8   Section        0  os_task.o(i.OSTaskNameSet)
    i.OSTaskReturnHook                       0x08001828   Section        0  os_cpu_c.o(i.OSTaskReturnHook)
    i.OSTaskStatHook                         0x0800182a   Section        0  os_cpu_c.o(i.OSTaskStatHook)
    i.OSTaskStkChk                           0x0800182c   Section        0  os_task.o(i.OSTaskStkChk)
    i.OSTaskStkInit                          0x080018b4   Section        0  os_cpu_c.o(i.OSTaskStkInit)
    i.OSTaskSuspend                          0x08001958   Section        0  os_task.o(i.OSTaskSuspend)
    i.OSTaskSwHook                           0x08001a00   Section        0  os_cpu_c.o(i.OSTaskSwHook)
    i.OSTimeDly                              0x08001a04   Section        0  os_time.o(i.OSTimeDly)
    i.OSTimeTick                             0x08001a7c   Section        0  os_core.o(i.OSTimeTick)
    i.OSTimeTickHook                         0x08001b68   Section        0  os_cpu_c.o(i.OSTimeTickHook)
    i.OS_Dummy                               0x08001b6a   Section        0  os_core.o(i.OS_Dummy)
    i.OS_InitEventList                       0x08001b6c   Section        0  os_core.o(i.OS_InitEventList)
    OS_InitEventList                         0x08001b6d   Thumb Code     2  os_core.o(i.OS_InitEventList)
    i.OS_InitMisc                            0x08001b70   Section        0  os_core.o(i.OS_InitMisc)
    OS_InitMisc                              0x08001b71   Thumb Code    48  os_core.o(i.OS_InitMisc)
    i.OS_InitRdyList                         0x08001bcc   Section        0  os_core.o(i.OS_InitRdyList)
    OS_InitRdyList                           0x08001bcd   Thumb Code    44  os_core.o(i.OS_InitRdyList)
    i.OS_InitTCBList                         0x08001c10   Section        0  os_core.o(i.OS_InitTCBList)
    OS_InitTCBList                           0x08001c11   Thumb Code    94  os_core.o(i.OS_InitTCBList)
    i.OS_InitTaskIdle                        0x08001c84   Section        0  os_core.o(i.OS_InitTaskIdle)
    OS_InitTaskIdle                          0x08001c85   Thumb Code    50  os_core.o(i.OS_InitTaskIdle)
    i.OS_InitTaskStat                        0x08001cd4   Section        0  os_core.o(i.OS_InitTaskStat)
    OS_InitTaskStat                          0x08001cd5   Thumb Code    50  os_core.o(i.OS_InitTaskStat)
    i.OS_MemClr                              0x08001d24   Section        0  os_core.o(i.OS_MemClr)
    i.OS_Sched                               0x08001d38   Section        0  os_core.o(i.OS_Sched)
    i.OS_SchedNew                            0x08001dac   Section        0  os_core.o(i.OS_SchedNew)
    OS_SchedNew                              0x08001dad   Thumb Code    26  os_core.o(i.OS_SchedNew)
    i.OS_TCBInit                             0x08001dd8   Section        0  os_core.o(i.OS_TCBInit)
    i.OS_TaskIdle                            0x08001f0c   Section        0  os_core.o(i.OS_TaskIdle)
    i.OS_TaskReturn                          0x08001f34   Section        0  os_task.o(i.OS_TaskReturn)
    i.OS_TaskStat                            0x08001f4c   Section        0  os_core.o(i.OS_TaskStat)
    i.OS_TaskStatStkChk                      0x08001fec   Section        0  os_core.o(i.OS_TaskStatStkChk)
    i.OS_TaskStkClr                          0x08002028   Section        0  os_task.o(i.OS_TaskStkClr)
    i.PWM_LED_INIT                           0x08002044   Section        0  pwm_led.o(i.PWM_LED_INIT)
    i.PWM_OUT_INIT                           0x080020e8   Section        0  pwm.o(i.PWM_OUT_INIT)
    i.RCC_GetClocksFreq                      0x080022ec   Section        0  stm32f4xx_rcc.o(i.RCC_GetClocksFreq)
    i.SVC_Handler                            0x080023d4   Section        0  stm32f4xx_it.o(i.SVC_Handler)
    i.SetSysClock                            0x080023d8   Section        0  system_stm32f4xx.o(i.SetSysClock)
    SetSysClock                              0x080023d9   Thumb Code   216  system_stm32f4xx.o(i.SetSysClock)
    i.SysTick_Handler                        0x080024c0   Section        0  stm32f4xx_it.o(i.SysTick_Handler)
    i.SysTick_Init                           0x080024d0   Section        0  bsp.o(i.SysTick_Init)
    i.SystemInit                             0x08002530   Section        0  system_stm32f4xx.o(i.SystemInit)
    i.TIM3_IRQHandler                        0x08002598   Section        0  stm32f4xx_it.o(i.TIM3_IRQHandler)
    i.Task_1                                 0x080025e0   Section        0  main.o(i.Task_1)
    Task_1                                   0x080025e1   Thumb Code   228  main.o(i.Task_1)
    i.UsageFault_Handler                     0x080026fc   Section        0  stm32f4xx_it.o(i.UsageFault_Handler)
    i.__ARM_fpclassify                       0x08002700   Section        0  fpclassify.o(i.__ARM_fpclassify)
    i._sys_exit                              0x08002730   Section        0  usart.o(i._sys_exit)
    i.fputc                                  0x08002738   Section        0  usart.o(i.fputc)
    i.main                                   0x08002754   Section        0  main.o(i.main)
    i.uart_init                              0x0800277c   Section        0  usart.o(i.uart_init)
    locale$$code                             0x0800285c   Section       44  lc_numeric_c.o(locale$$code)
    x$fpl$dretinf                            0x08002888   Section       12  dretinf.o(x$fpl$dretinf)
    $v0                                      0x08002888   Number         0  dretinf.o(x$fpl$dretinf)
    x$fpl$f2d                                0x08002894   Section       86  f2d.o(x$fpl$f2d)
    $v0                                      0x08002894   Number         0  f2d.o(x$fpl$f2d)
    x$fpl$fnaninf                            0x080028ea   Section      140  fnaninf.o(x$fpl$fnaninf)
    $v0                                      0x080028ea   Number         0  fnaninf.o(x$fpl$fnaninf)
    x$fpl$fpinit                             0x08002976   Section       10  fpinit.o(x$fpl$fpinit)
    $v0                                      0x08002976   Number         0  fpinit.o(x$fpl$fpinit)
    x$fpl$printf1                            0x08002980   Section        4  printf1.o(x$fpl$printf1)
    $v0                                      0x08002980   Number         0  printf1.o(x$fpl$printf1)
    .constdata                               0x08002984   Section      256  os_core.o(.constdata)
    x$fpl$usenofp                            0x08002984   Section        0  usenofp.o(x$fpl$usenofp)
    .constdata                               0x08002a84   Section      148  bigflt0.o(.constdata)
    tenpwrs_x                                0x08002a84   Data          60  bigflt0.o(.constdata)
    tenpwrs_i                                0x08002ac0   Data          64  bigflt0.o(.constdata)
    locale$$data                             0x08002b38   Section       28  lc_numeric_c.o(locale$$data)
    __lcnum_c_name                           0x08002b3c   Data           2  lc_numeric_c.o(locale$$data)
    __lcnum_c_start                          0x08002b44   Data           0  lc_numeric_c.o(locale$$data)
    __lcnum_c_point                          0x08002b50   Data           0  lc_numeric_c.o(locale$$data)
    __lcnum_c_thousands                      0x08002b52   Data           0  lc_numeric_c.o(locale$$data)
    __lcnum_c_grouping                       0x08002b53   Data           0  lc_numeric_c.o(locale$$data)
    __lcnum_c_end                            0x08002b54   Data           0  lc_numeric_c.o(locale$$data)
    .data                                    0x20000000   Section        4  usart.o(.data)
    .data                                    0x20000004   Section       60  os_core.o(.data)
    .data                                    0x20000040   Section        4  os_cpu_c.o(.data)
    .data                                    0x20000044   Section       16  stm32f4xx_rcc.o(.data)
    APBAHBPrescTable                         0x20000044   Data          16  stm32f4xx_rcc.o(.data)
    .bss                                     0x20000054   Section    16384  main.o(.bss)
    Task_1_STK                               0x20000054   Data        8192  main.o(.bss)
    Task_2_STK                               0x20002054   Data        8192  main.o(.bss)
    .bss                                     0x20004054   Section     2776  os_core.o(.bss)
    .bss                                     0x20004b2c   Section      512  os_cpu_c.o(.bss)
    .bss                                     0x20004d2c   Section       96  libspace.o(.bss)
    HEAP                                     0x20004d90   Section      512  startup_stm32f401xx.o(HEAP)
    Heap_Mem                                 0x20004d90   Data         512  startup_stm32f401xx.o(HEAP)
    STACK                                    0x20004f90   Section     1024  startup_stm32f401xx.o(STACK)
    Stack_Mem                                0x20004f90   Data        1024  startup_stm32f401xx.o(STACK)
    __initial_sp                             0x20005390   Data           0  startup_stm32f401xx.o(STACK)

    Global Symbols

    Symbol Name                              Value     Ov Type        Size  Object(Section)

    BuildAttributes$$THM_ISAv4$E$P$D$K$B$S$7EM$VFPi3$EXTD16$VFPS$VFMA$PE$A:L22UL41UL21$X:L11$S22US41US21$IEEE1$IW$USESV6$~STKCKD$USESV7$~SHL$OTIME$ROPI$IEEEJ$EBA8$UX$STANDARDLIB$REQ8$PRES8$EABIv2 0x00000000   Number         0  anon$$obj.o ABSOLUTE
    __ARM_use_no_argv                        0x00000000   Number         0  main.o ABSOLUTE
    __ARM_exceptions_init                     - Undefined Weak Reference
    __alloca_initialize                       - Undefined Weak Reference
    __arm_preinit_                            - Undefined Weak Reference
    __cpp_initialize__aeabi_                  - Undefined Weak Reference
    __cxa_finalize                            - Undefined Weak Reference
    __sigvec_lookup                           - Undefined Weak Reference
    _atexit_init                              - Undefined Weak Reference
    _call_atexit_fns                          - Undefined Weak Reference
    _clock_init                               - Undefined Weak Reference
    _fp_trap_init                             - Undefined Weak Reference
    _fp_trap_shutdown                         - Undefined Weak Reference
    _get_lc_collate                           - Undefined Weak Reference
    _get_lc_ctype                             - Undefined Weak Reference
    _get_lc_monetary                          - Undefined Weak Reference
    _get_lc_time                              - Undefined Weak Reference
    _getenv_init                              - Undefined Weak Reference
    _handle_redirection                       - Undefined Weak Reference
    _init_alloc                               - Undefined Weak Reference
    _init_user_alloc                          - Undefined Weak Reference
    _initio                                   - Undefined Weak Reference
    _mutex_acquire                            - Undefined Weak Reference
    _mutex_release                            - Undefined Weak Reference
    _printf_post_padding                      - Undefined Weak Reference
    _printf_pre_padding                       - Undefined Weak Reference
    _rand_init                                - Undefined Weak Reference
    _signal_finish                            - Undefined Weak Reference
    _signal_init                              - Undefined Weak Reference
    _terminate_alloc                          - Undefined Weak Reference
    _terminate_user_alloc                     - Undefined Weak Reference
    _terminateio                              - Undefined Weak Reference
    __Vectors_Size                           0x00000194   Number         0  startup_stm32f401xx.o ABSOLUTE
    __Vectors                                0x08000000   Data           4  startup_stm32f401xx.o(RESET)
    __Vectors_End                            0x08000194   Data           0  startup_stm32f401xx.o(RESET)
    __main                                   0x08000195   Thumb Code     8  __main.o(!!!main)
    __scatterload                            0x0800019d   Thumb Code     0  __scatter.o(!!!scatter)
    __scatterload_rt2                        0x0800019d   Thumb Code    44  __scatter.o(!!!scatter)
    __scatterload_rt2_thumb_only             0x0800019d   Thumb Code     0  __scatter.o(!!!scatter)
    __scatterload_null                       0x080001ab   Thumb Code     0  __scatter.o(!!!scatter)
    __scatterload_copy                       0x080001d1   Thumb Code    26  __scatter_copy.o(!!handler_copy)
    __scatterload_zeroinit                   0x080001ed   Thumb Code    28  __scatter_zi.o(!!handler_zi)
    _printf_f                                0x08000209   Thumb Code     0  _printf_f.o(.ARM.Collect$$_printf_percent$$00000003)
    _printf_percent                          0x08000209   Thumb Code     0  _printf_percent.o(.ARM.Collect$$_printf_percent$$00000000)
    _printf_percent_end                      0x0800020f   Thumb Code     0  _printf_percent_end.o(.ARM.Collect$$_printf_percent$$00000017)
    __rt_lib_init                            0x08000213   Thumb Code     0  libinit.o(.ARM.Collect$$libinit$$00000000)
    __rt_lib_init_fp_1                       0x08000215   Thumb Code     0  libinit2.o(.ARM.Collect$$libinit$$00000001)
    __rt_lib_init_heap_1                     0x08000219   Thumb Code     0  libinit2.o(.ARM.Collect$$libinit$$0000000A)
    __rt_lib_init_lc_common                  0x08000219   Thumb Code     0  libinit2.o(.ARM.Collect$$libinit$$0000000F)
    __rt_lib_init_preinit_1                  0x08000219   Thumb Code     0  libinit2.o(.ARM.Collect$$libinit$$00000004)
    __rt_lib_init_rand_1                     0x08000219   Thumb Code     0  libinit2.o(.ARM.Collect$$libinit$$0000000E)
    __rt_lib_init_user_alloc_1               0x08000219   Thumb Code     0  libinit2.o(.ARM.Collect$$libinit$$0000000C)
    __rt_lib_init_lc_collate_1               0x0800021f   Thumb Code     0  libinit2.o(.ARM.Collect$$libinit$$00000011)
    __rt_lib_init_lc_ctype_1                 0x0800021f   Thumb Code     0  libinit2.o(.ARM.Collect$$libinit$$00000013)
    __rt_lib_init_lc_monetary_1              0x0800021f   Thumb Code     0  libinit2.o(.ARM.Collect$$libinit$$00000015)
    __rt_lib_init_lc_numeric_2               0x0800021f   Thumb Code     0  libinit2.o(.ARM.Collect$$libinit$$00000016)
    __rt_lib_init_alloca_1                   0x08000229   Thumb Code     0  libinit2.o(.ARM.Collect$$libinit$$0000002E)
    __rt_lib_init_argv_1                     0x08000229   Thumb Code     0  libinit2.o(.ARM.Collect$$libinit$$0000002C)
    __rt_lib_init_atexit_1                   0x08000229   Thumb Code     0  libinit2.o(.ARM.Collect$$libinit$$0000001B)
    __rt_lib_init_clock_1                    0x08000229   Thumb Code     0  libinit2.o(.ARM.Collect$$libinit$$00000021)
    __rt_lib_init_cpp_1                      0x08000229   Thumb Code     0  libinit2.o(.ARM.Collect$$libinit$$00000032)
    __rt_lib_init_exceptions_1               0x08000229   Thumb Code     0  libinit2.o(.ARM.Collect$$libinit$$00000030)
    __rt_lib_init_fp_trap_1                  0x08000229   Thumb Code     0  libinit2.o(.ARM.Collect$$libinit$$0000001F)
    __rt_lib_init_getenv_1                   0x08000229   Thumb Code     0  libinit2.o(.ARM.Collect$$libinit$$00000023)
    __rt_lib_init_lc_numeric_1               0x08000229   Thumb Code     0  libinit2.o(.ARM.Collect$$libinit$$00000017)
    __rt_lib_init_lc_time_1                  0x08000229   Thumb Code     0  libinit2.o(.ARM.Collect$$libinit$$00000019)
    __rt_lib_init_return                     0x08000229   Thumb Code     0  libinit2.o(.ARM.Collect$$libinit$$00000033)
    __rt_lib_init_signal_1                   0x08000229   Thumb Code     0  libinit2.o(.ARM.Collect$$libinit$$0000001D)
    __rt_lib_init_stdio_1                    0x08000229   Thumb Code     0  libinit2.o(.ARM.Collect$$libinit$$00000025)
    __rt_lib_shutdown                        0x0800022b   Thumb Code     0  libshutdown.o(.ARM.Collect$$libshutdown$$00000000)
    __rt_lib_shutdown_fp_trap_1              0x0800022d   Thumb Code     0  libshutdown2.o(.ARM.Collect$$libshutdown$$00000006)
    __rt_lib_shutdown_heap_1                 0x0800022d   Thumb Code     0  libshutdown2.o(.ARM.Collect$$libshutdown$$0000000E)
    __rt_lib_shutdown_return                 0x0800022d   Thumb Code     0  libshutdown2.o(.ARM.Collect$$libshutdown$$0000000F)
    __rt_lib_shutdown_signal_1               0x0800022d   Thumb Code     0  libshutdown2.o(.ARM.Collect$$libshutdown$$00000009)
    __rt_lib_shutdown_stdio_1                0x0800022d   Thumb Code     0  libshutdown2.o(.ARM.Collect$$libshutdown$$00000003)
    __rt_lib_shutdown_user_alloc_1           0x0800022d   Thumb Code     0  libshutdown2.o(.ARM.Collect$$libshutdown$$0000000B)
    __rt_entry                               0x0800022f   Thumb Code     0  __rtentry.o(.ARM.Collect$$rtentry$$00000000)
    __rt_entry_presh_1                       0x0800022f   Thumb Code     0  __rtentry2.o(.ARM.Collect$$rtentry$$00000002)
    __rt_entry_sh                            0x0800022f   Thumb Code     0  __rtentry4.o(.ARM.Collect$$rtentry$$00000004)
    __rt_entry_li                            0x08000235   Thumb Code     0  __rtentry2.o(.ARM.Collect$$rtentry$$0000000A)
    __rt_entry_postsh_1                      0x08000235   Thumb Code     0  __rtentry2.o(.ARM.Collect$$rtentry$$00000009)
    __rt_entry_main                          0x08000239   Thumb Code     0  __rtentry2.o(.ARM.Collect$$rtentry$$0000000D)
    __rt_entry_postli_1                      0x08000239   Thumb Code     0  __rtentry2.o(.ARM.Collect$$rtentry$$0000000C)
    __rt_exit                                0x08000241   Thumb Code     0  rtexit.o(.ARM.Collect$$rtexit$$00000000)
    __rt_exit_ls                             0x08000243   Thumb Code     0  rtexit2.o(.ARM.Collect$$rtexit$$00000003)
    __rt_exit_prels_1                        0x08000243   Thumb Code     0  rtexit2.o(.ARM.Collect$$rtexit$$00000002)
    __rt_exit_exit                           0x08000247   Thumb Code     0  rtexit2.o(.ARM.Collect$$rtexit$$00000004)
    Reset_Handler                            0x0800024d   Thumb Code     8  startup_stm32f401xx.o(.text)
    ADC_IRQHandler                           0x08000267   Thumb Code     0  startup_stm32f401xx.o(.text)
    DMA1_Stream0_IRQHandler                  0x08000267   Thumb Code     0  startup_stm32f401xx.o(.text)
    DMA1_Stream1_IRQHandler                  0x08000267   Thumb Code     0  startup_stm32f401xx.o(.text)
    DMA1_Stream2_IRQHandler                  0x08000267   Thumb Code     0  startup_stm32f401xx.o(.text)
    DMA1_Stream3_IRQHandler                  0x08000267   Thumb Code     0  startup_stm32f401xx.o(.text)
    DMA1_Stream4_IRQHandler                  0x08000267   Thumb Code     0  startup_stm32f401xx.o(.text)
    DMA1_Stream5_IRQHandler                  0x08000267   Thumb Code     0  startup_stm32f401xx.o(.text)
    DMA1_Stream6_IRQHandler                  0x08000267   Thumb Code     0  startup_stm32f401xx.o(.text)
    DMA1_Stream7_IRQHandler                  0x08000267   Thumb Code     0  startup_stm32f401xx.o(.text)
    DMA2_Stream0_IRQHandler                  0x08000267   Thumb Code     0  startup_stm32f401xx.o(.text)
    DMA2_Stream1_IRQHandler                  0x08000267   Thumb Code     0  startup_stm32f401xx.o(.text)
    DMA2_Stream2_IRQHandler                  0x08000267   Thumb Code     0  startup_stm32f401xx.o(.text)
    DMA2_Stream3_IRQHandler                  0x08000267   Thumb Code     0  startup_stm32f401xx.o(.text)
    DMA2_Stream4_IRQHandler                  0x08000267   Thumb Code     0  startup_stm32f401xx.o(.text)
    DMA2_Stream5_IRQHandler                  0x08000267   Thumb Code     0  startup_stm32f401xx.o(.text)
    DMA2_Stream6_IRQHandler                  0x08000267   Thumb Code     0  startup_stm32f401xx.o(.text)
    DMA2_Stream7_IRQHandler                  0x08000267   Thumb Code     0  startup_stm32f401xx.o(.text)
    EXTI0_IRQHandler                         0x08000267   Thumb Code     0  startup_stm32f401xx.o(.text)
    EXTI15_10_IRQHandler                     0x08000267   Thumb Code     0  startup_stm32f401xx.o(.text)
    EXTI1_IRQHandler                         0x08000267   Thumb Code     0  startup_stm32f401xx.o(.text)
    EXTI2_IRQHandler                         0x08000267   Thumb Code     0  startup_stm32f401xx.o(.text)
    EXTI3_IRQHandler                         0x08000267   Thumb Code     0  startup_stm32f401xx.o(.text)
    EXTI4_IRQHandler                         0x08000267   Thumb Code     0  startup_stm32f401xx.o(.text)
    EXTI9_5_IRQHandler                       0x08000267   Thumb Code     0  startup_stm32f401xx.o(.text)
    FLASH_IRQHandler                         0x08000267   Thumb Code     0  startup_stm32f401xx.o(.text)
    FPU_IRQHandler                           0x08000267   Thumb Code     0  startup_stm32f401xx.o(.text)
    I2C1_ER_IRQHandler                       0x08000267   Thumb Code     0  startup_stm32f401xx.o(.text)
    I2C1_EV_IRQHandler                       0x08000267   Thumb Code     0  startup_stm32f401xx.o(.text)
    I2C2_ER_IRQHandler                       0x08000267   Thumb Code     0  startup_stm32f401xx.o(.text)
    I2C2_EV_IRQHandler                       0x08000267   Thumb Code     0  startup_stm32f401xx.o(.text)
    I2C3_ER_IRQHandler                       0x08000267   Thumb Code     0  startup_stm32f401xx.o(.text)
    I2C3_EV_IRQHandler                       0x08000267   Thumb Code     0  startup_stm32f401xx.o(.text)
    OTG_FS_IRQHandler                        0x08000267   Thumb Code     0  startup_stm32f401xx.o(.text)
    OTG_FS_WKUP_IRQHandler                   0x08000267   Thumb Code     0  startup_stm32f401xx.o(.text)
    PVD_IRQHandler                           0x08000267   Thumb Code     0  startup_stm32f401xx.o(.text)
    RCC_IRQHandler                           0x08000267   Thumb Code     0  startup_stm32f401xx.o(.text)
    RTC_Alarm_IRQHandler                     0x08000267   Thumb Code     0  startup_stm32f401xx.o(.text)
    RTC_WKUP_IRQHandler                      0x08000267   Thumb Code     0  startup_stm32f401xx.o(.text)
    SDIO_IRQHandler                          0x08000267   Thumb Code     0  startup_stm32f401xx.o(.text)
    SPI1_IRQHandler                          0x08000267   Thumb Code     0  startup_stm32f401xx.o(.text)
    SPI2_IRQHandler                          0x08000267   Thumb Code     0  startup_stm32f401xx.o(.text)
    SPI3_IRQHandler                          0x08000267   Thumb Code     0  startup_stm32f401xx.o(.text)
    SPI4_IRQHandler                          0x08000267   Thumb Code     0  startup_stm32f401xx.o(.text)
    TAMP_STAMP_IRQHandler                    0x08000267   Thumb Code     0  startup_stm32f401xx.o(.text)
    TIM1_BRK_TIM9_IRQHandler                 0x08000267   Thumb Code     0  startup_stm32f401xx.o(.text)
    TIM1_CC_IRQHandler                       0x08000267   Thumb Code     0  startup_stm32f401xx.o(.text)
    TIM1_TRG_COM_TIM11_IRQHandler            0x08000267   Thumb Code     0  startup_stm32f401xx.o(.text)
    TIM1_UP_TIM10_IRQHandler                 0x08000267   Thumb Code     0  startup_stm32f401xx.o(.text)
    TIM2_IRQHandler                          0x08000267   Thumb Code     0  startup_stm32f401xx.o(.text)
    TIM4_IRQHandler                          0x08000267   Thumb Code     0  startup_stm32f401xx.o(.text)
    TIM5_IRQHandler                          0x08000267   Thumb Code     0  startup_stm32f401xx.o(.text)
    USART1_IRQHandler                        0x08000267   Thumb Code     0  startup_stm32f401xx.o(.text)
    USART2_IRQHandler                        0x08000267   Thumb Code     0  startup_stm32f401xx.o(.text)
    USART6_IRQHandler                        0x08000267   Thumb Code     0  startup_stm32f401xx.o(.text)
    WWDG_IRQHandler                          0x08000267   Thumb Code     0  startup_stm32f401xx.o(.text)
    __user_initial_stackheap                 0x08000269   Thumb Code     0  startup_stm32f401xx.o(.text)
    OS_CPU_SR_Save                           0x0800028d   Thumb Code     0  os_cpu_a.o(.text)
    OS_CPU_SR_Restore                        0x08000295   Thumb Code     0  os_cpu_a.o(.text)
    OSStartHighRdy                           0x0800029b   Thumb Code     0  os_cpu_a.o(.text)
    OSCtxSw                                  0x080002bd   Thumb Code     0  os_cpu_a.o(.text)
    OSIntCtxSw                               0x080002c7   Thumb Code     0  os_cpu_a.o(.text)
    OS_CPU_PendSVHandler                     0x080002d1   Thumb Code     0  os_cpu_a.o(.text)
    __use_no_semihosting                     0x08000335   Thumb Code     2  use_no_semi_2.o(.text)
    __2printf                                0x08000339   Thumb Code    20  noretval__2printf.o(.text)
    __printf                                 0x08000351   Thumb Code   104  __printf.o(.text)
    __use_two_region_memory                  0x080003b9   Thumb Code     2  heapauxi.o(.text)
    __rt_heap_escrow$2region                 0x080003bb   Thumb Code     2  heapauxi.o(.text)
    __rt_heap_expand$2region                 0x080003bd   Thumb Code     2  heapauxi.o(.text)
    __I$use$semihosting                      0x080003bf   Thumb Code     0  use_no_semi.o(.text)
    __use_no_semihosting_swi                 0x080003bf   Thumb Code     2  use_no_semi.o(.text)
    __lib_sel_fp_printf                      0x080003c1   Thumb Code     2  _printf_fp_dec.o(.text)
    _printf_fp_dec_real                      0x0800056f   Thumb Code   620  _printf_fp_dec.o(.text)
    _printf_char_file                        0x080007dd   Thumb Code    32  _printf_char_file.o(.text)
    __rt_locale                              0x08000801   Thumb Code     8  rt_locale_intlibspace.o(.text)
    _ll_udiv10                               0x08000809   Thumb Code   138  lludiv10.o(.text)
    _printf_char_common                      0x0800089f   Thumb Code    32  _printf_char_common.o(.text)
    _printf_fp_infnan                        0x080008c5   Thumb Code   112  _printf_fp_infnan.o(.text)
    _btod_etento                             0x08000945   Thumb Code   216  bigflt0.o(.text)
    ferror                                   0x08000a21   Thumb Code     8  ferror.o(.text)
    __user_libspace                          0x08000a29   Thumb Code     8  libspace.o(.text)
    __user_perproc_libspace                  0x08000a29   Thumb Code     0  libspace.o(.text)
    __user_perthread_libspace                0x08000a29   Thumb Code     0  libspace.o(.text)
    __user_setup_stackheap                   0x08000a31   Thumb Code    74  sys_stackheap_outer.o(.text)
    exit                                     0x08000a7b   Thumb Code    12  exit.o(.text)
    strcmp                                   0x08000a89   Thumb Code   128  strcmpv7m.o(.text)
    _btod_d2e                                0x08000b09   Thumb Code    62  btod.o(CL$$btod_d2e)
    _d2e_denorm_low                          0x08000b47   Thumb Code    70  btod.o(CL$$btod_d2e_denorm_low)
    _d2e_norm_op1                            0x08000b8d   Thumb Code    96  btod.o(CL$$btod_d2e_norm_op1)
    __btod_div_common                        0x08000bed   Thumb Code   696  btod.o(CL$$btod_div_common)
    _e2e                                     0x08000f25   Thumb Code   198  btod.o(CL$$btod_e2e)
    _btod_ediv                               0x08000feb   Thumb Code    40  btod.o(CL$$btod_ediv)
    _btod_emul                               0x08001013   Thumb Code    40  btod.o(CL$$btod_emul)
    __btod_mult_common                       0x0800103b   Thumb Code   580  btod.o(CL$$btod_mult_common)
    BSP_Init                                 0x0800127f   Thumb Code    26  bsp.o(i.BSP_Init)
    BusFault_Handler                         0x08001299   Thumb Code     4  stm32f4xx_it.o(i.BusFault_Handler)
    DebugMon_Handler                         0x0800129d   Thumb Code     2  stm32f4xx_it.o(i.DebugMon_Handler)
    GPIO_AF_Set                              0x0800129f   Thumb Code    64  gpio.o(i.GPIO_AF_Set)
    GPIO_Set                                 0x080012df   Thumb Code   222  gpio.o(i.GPIO_Set)
    HardFault_Handler                        0x080013bd   Thumb Code     4  stm32f4xx_it.o(i.HardFault_Handler)
    MemManage_Handler                        0x080013c1   Thumb Code     4  stm32f4xx_it.o(i.MemManage_Handler)
    NMI_Handler                              0x080013c5   Thumb Code     2  stm32f4xx_it.o(i.NMI_Handler)
    OSInit                                   0x080013c7   Thumb Code    36  os_core.o(i.OSInit)
    OSInitHookBegin                          0x080013ed   Thumb Code    34  os_cpu_c.o(i.OSInitHookBegin)
    OSInitHookEnd                            0x0800141d   Thumb Code     2  os_cpu_c.o(i.OSInitHookEnd)
    OSIntEnter                               0x08001421   Thumb Code    28  os_core.o(i.OSIntEnter)
    OSIntExit                                0x08001445   Thumb Code   112  os_core.o(i.OSIntExit)
    OSStart                                  0x080014d5   Thumb Code    48  os_core.o(i.OSStart)
    OSTCBInitHook                            0x0800151d   Thumb Code     2  os_cpu_c.o(i.OSTCBInitHook)
    OSTaskCreate                             0x08001521   Thumb Code   148  os_task.o(i.OSTaskCreate)
    OSTaskCreateExt                          0x080015c1   Thumb Code   170  os_task.o(i.OSTaskCreateExt)
    OSTaskCreateHook                         0x08001679   Thumb Code     2  os_cpu_c.o(i.OSTaskCreateHook)
    OSTaskDel                                0x0800167d   Thumb Code   268  os_task.o(i.OSTaskDel)
    OSTaskDelHook                            0x080017b5   Thumb Code     2  os_cpu_c.o(i.OSTaskDelHook)
    OSTaskIdleHook                           0x080017b7   Thumb Code     2  os_cpu_c.o(i.OSTaskIdleHook)
    OSTaskNameSet                            0x080017b9   Thumb Code    98  os_task.o(i.OSTaskNameSet)
    OSTaskReturnHook                         0x08001829   Thumb Code     2  os_cpu_c.o(i.OSTaskReturnHook)
    OSTaskStatHook                           0x0800182b   Thumb Code     2  os_cpu_c.o(i.OSTaskStatHook)
    OSTaskStkChk                             0x0800182d   Thumb Code   128  os_task.o(i.OSTaskStkChk)
    OSTaskStkInit                            0x080018b5   Thumb Code   160  os_cpu_c.o(i.OSTaskStkInit)
    OSTaskSuspend                            0x08001959   Thumb Code   152  os_task.o(i.OSTaskSuspend)
    OSTaskSwHook                             0x08001a01   Thumb Code     2  os_cpu_c.o(i.OSTaskSwHook)
    OSTimeDly                                0x08001a05   Thumb Code   100  os_time.o(i.OSTimeDly)
    OSTimeTick                               0x08001a7d   Thumb Code   210  os_core.o(i.OSTimeTick)
    OSTimeTickHook                           0x08001b69   Thumb Code     2  os_cpu_c.o(i.OSTimeTickHook)
    OS_Dummy                                 0x08001b6b   Thumb Code     2  os_core.o(i.OS_Dummy)
    OS_MemClr                                0x08001d25   Thumb Code    18  os_core.o(i.OS_MemClr)
    OS_Sched                                 0x08001d39   Thumb Code    88  os_core.o(i.OS_Sched)
    OS_TCBInit                               0x08001dd9   Thumb Code   280  os_core.o(i.OS_TCBInit)
    OS_TaskIdle                              0x08001f0d   Thumb Code    34  os_core.o(i.OS_TaskIdle)
    OS_TaskReturn                            0x08001f35   Thumb Code    18  os_task.o(i.OS_TaskReturn)
    OS_TaskStat                              0x08001f4d   Thumb Code   140  os_core.o(i.OS_TaskStat)
    OS_TaskStatStkChk                        0x08001fed   Thumb Code    54  os_core.o(i.OS_TaskStatStkChk)
    OS_TaskStkClr                            0x08002029   Thumb Code    26  os_task.o(i.OS_TaskStkClr)
    PWM_LED_INIT                             0x08002045   Thumb Code   154  pwm_led.o(i.PWM_LED_INIT)
    PWM_OUT_INIT                             0x080020e9   Thumb Code   500  pwm.o(i.PWM_OUT_INIT)
    RCC_GetClocksFreq                        0x080022ed   Thumb Code   214  stm32f4xx_rcc.o(i.RCC_GetClocksFreq)
    SVC_Handler                              0x080023d5   Thumb Code     2  stm32f4xx_it.o(i.SVC_Handler)
    SysTick_Handler                          0x080024c1   Thumb Code    16  stm32f4xx_it.o(i.SysTick_Handler)
    SysTick_Init                             0x080024d1   Thumb Code    86  bsp.o(i.SysTick_Init)
    SystemInit                               0x08002531   Thumb Code    88  system_stm32f4xx.o(i.SystemInit)
    TIM3_IRQHandler                          0x08002599   Thumb Code    62  stm32f4xx_it.o(i.TIM3_IRQHandler)
    UsageFault_Handler                       0x080026fd   Thumb Code     4  stm32f4xx_it.o(i.UsageFault_Handler)
    __ARM_fpclassify                         0x08002701   Thumb Code    48  fpclassify.o(i.__ARM_fpclassify)
    _sys_exit                                0x08002731   Thumb Code     6  usart.o(i._sys_exit)
    fputc                                    0x08002739   Thumb Code    24  usart.o(i.fputc)
    main                                     0x08002755   Thumb Code    30  main.o(i.main)
    uart_init                                0x0800277d   Thumb Code   208  usart.o(i.uart_init)
    _get_lc_numeric                          0x0800285d   Thumb Code    44  lc_numeric_c.o(locale$$code)
    __fpl_dretinf                            0x08002889   Thumb Code    12  dretinf.o(x$fpl$dretinf)
    __aeabi_f2d                              0x08002895   Thumb Code     0  f2d.o(x$fpl$f2d)
    _f2d                                     0x08002895   Thumb Code    86  f2d.o(x$fpl$f2d)
    __fpl_fnaninf                            0x080028eb   Thumb Code   140  fnaninf.o(x$fpl$fnaninf)
    _fp_init                                 0x08002977   Thumb Code    10  fpinit.o(x$fpl$fpinit)
    __fplib_config_fpu_vfp                   0x0800297f   Thumb Code     0  fpinit.o(x$fpl$fpinit)
    __fplib_config_pureend_doubles           0x0800297f   Thumb Code     0  fpinit.o(x$fpl$fpinit)
    _printf_fp_dec                           0x08002981   Thumb Code     4  printf1.o(x$fpl$printf1)
    OSUnMapTbl                               0x08002984   Data         256  os_core.o(.constdata)
    __I$use$fp                               0x08002984   Number         0  usenofp.o(x$fpl$usenofp)
    Region$$Table$$Base                      0x08002b18   Number         0  anon$$obj.o(Region$$Table)
    Region$$Table$$Limit                     0x08002b38   Number         0  anon$$obj.o(Region$$Table)
    __stdout                                 0x20000000   Data           4  usart.o(.data)
    OSCtxSwCtr                               0x20000004   Data           4  os_core.o(.data)
    OSCPUUsage                               0x20000008   Data           1  os_core.o(.data)
    OSIdleCtrMax                             0x2000000c   Data           4  os_core.o(.data)
    OSIdleCtrRun                             0x20000010   Data           4  os_core.o(.data)
    OSStatRdy                                0x20000014   Data           1  os_core.o(.data)
    OSIntNesting                             0x20000015   Data           1  os_core.o(.data)
    OSLockNesting                            0x20000016   Data           1  os_core.o(.data)
    OSPrioCur                                0x20000017   Data           1  os_core.o(.data)
    OSPrioHighRdy                            0x20000018   Data           1  os_core.o(.data)
    OSRdyGrp                                 0x20000019   Data           1  os_core.o(.data)
    OSRdyTbl                                 0x2000001a   Data           8  os_core.o(.data)
    OSRunning                                0x20000022   Data           1  os_core.o(.data)
    OSTaskCtr                                0x20000023   Data           1  os_core.o(.data)
    OSIdleCtr                                0x20000024   Data           4  os_core.o(.data)
    OSTCBCur                                 0x20000028   Data           4  os_core.o(.data)
    OSTCBFreeList                            0x2000002c   Data           4  os_core.o(.data)
    OSTCBHighRdy                             0x20000030   Data           4  os_core.o(.data)
    OSTCBList                                0x20000034   Data           4  os_core.o(.data)
    OSTickStepState                          0x20000038   Data           1  os_core.o(.data)
    OSTaskRegNextAvailID                     0x20000039   Data           1  os_core.o(.data)
    OSTime                                   0x2000003c   Data           4  os_core.o(.data)
    OS_CPU_ExceptStkBase                     0x20000040   Data           4  os_cpu_c.o(.data)
    OSTaskStatStk                            0x20004054   Data         512  os_core.o(.bss)
    OSTaskIdleStk                            0x20004254   Data         512  os_core.o(.bss)
    OSTCBPrioTbl                             0x20004454   Data         256  os_core.o(.bss)
    OSTCBTbl                                 0x20004554   Data        1496  os_core.o(.bss)
    OS_CPU_ExceptStk                         0x20004b2c   Data         512  os_cpu_c.o(.bss)
    __libspace_start                         0x20004d2c   Data          96  libspace.o(.bss)
    __temporary_stack_top$libspace           0x20004d8c   Data           0  libspace.o(.bss)



==============================================================================

Memory Map of the image

  Image Entry point : 0x0800024d

  Load Region LR_1 (Base: 0x08000000, Size: 0x00002ba8, Max: 0xffffffff, ABSOLUTE)

    Execution Region ER_RO (Base: 0x08000000, Size: 0x00002b54, Max: 0xffffffff, ABSOLUTE)

    Base Addr    Size         Type   Attr      Idx    E Section Name        Object

    0x08000000   0x00000194   Data   RO          355    RESET               startup_stm32f401xx.o
    0x08000194   0x00000008   Code   RO         5663  * !!!main             c_w.l(__main.o)
    0x0800019c   0x00000034   Code   RO         5882    !!!scatter          c_w.l(__scatter.o)
    0x080001d0   0x0000001a   Code   RO         5884    !!handler_copy      c_w.l(__scatter_copy.o)
    0x080001ea   0x00000002   PAD
    0x080001ec   0x0000001c   Code   RO         5886    !!handler_zi        c_w.l(__scatter_zi.o)
    0x08000208   0x00000000   Code   RO         5660    .ARM.Collect$$_printf_percent$$00000000  c_w.l(_printf_percent.o)
    0x08000208   0x00000006   Code   RO         5659    .ARM.Collect$$_printf_percent$$00000003  c_w.l(_printf_f.o)
    0x0800020e   0x00000004   Code   RO         5676    .ARM.Collect$$_printf_percent$$00000017  c_w.l(_printf_percent_end.o)
    0x08000212   0x00000002   Code   RO         5760    .ARM.Collect$$libinit$$00000000  c_w.l(libinit.o)
    0x08000214   0x00000004   Code   RO         5761    .ARM.Collect$$libinit$$00000001  c_w.l(libinit2.o)
    0x08000218   0x00000000   Code   RO         5764    .ARM.Collect$$libinit$$00000004  c_w.l(libinit2.o)
    0x08000218   0x00000000   Code   RO         5767    .ARM.Collect$$libinit$$0000000A  c_w.l(libinit2.o)
    0x08000218   0x00000000   Code   RO         5769    .ARM.Collect$$libinit$$0000000C  c_w.l(libinit2.o)
    0x08000218   0x00000000   Code   RO         5771    .ARM.Collect$$libinit$$0000000E  c_w.l(libinit2.o)
    0x08000218   0x00000006   Code   RO         5772    .ARM.Collect$$libinit$$0000000F  c_w.l(libinit2.o)
    0x0800021e   0x00000000   Code   RO         5774    .ARM.Collect$$libinit$$00000011  c_w.l(libinit2.o)
    0x0800021e   0x00000000   Code   RO         5776    .ARM.Collect$$libinit$$00000013  c_w.l(libinit2.o)
    0x0800021e   0x00000000   Code   RO         5778    .ARM.Collect$$libinit$$00000015  c_w.l(libinit2.o)
    0x0800021e   0x0000000a   Code   RO         5779    .ARM.Collect$$libinit$$00000016  c_w.l(libinit2.o)
    0x08000228   0x00000000   Code   RO         5780    .ARM.Collect$$libinit$$00000017  c_w.l(libinit2.o)
    0x08000228   0x00000000   Code   RO         5782    .ARM.Collect$$libinit$$00000019  c_w.l(libinit2.o)
    0x08000228   0x00000000   Code   RO         5784    .ARM.Collect$$libinit$$0000001B  c_w.l(libinit2.o)
    0x08000228   0x00000000   Code   RO         5786    .ARM.Collect$$libinit$$0000001D  c_w.l(libinit2.o)
    0x08000228   0x00000000   Code   RO         5788    .ARM.Collect$$libinit$$0000001F  c_w.l(libinit2.o)
    0x08000228   0x00000000   Code   RO         5790    .ARM.Collect$$libinit$$00000021  c_w.l(libinit2.o)
    0x08000228   0x00000000   Code   RO         5792    .ARM.Collect$$libinit$$00000023  c_w.l(libinit2.o)
    0x08000228   0x00000000   Code   RO         5794    .ARM.Collect$$libinit$$00000025  c_w.l(libinit2.o)
    0x08000228   0x00000000   Code   RO         5798    .ARM.Collect$$libinit$$0000002C  c_w.l(libinit2.o)
    0x08000228   0x00000000   Code   RO         5800    .ARM.Collect$$libinit$$0000002E  c_w.l(libinit2.o)
    0x08000228   0x00000000   Code   RO         5802    .ARM.Collect$$libinit$$00000030  c_w.l(libinit2.o)
    0x08000228   0x00000000   Code   RO         5804    .ARM.Collect$$libinit$$00000032  c_w.l(libinit2.o)
    0x08000228   0x00000002   Code   RO         5805    .ARM.Collect$$libinit$$00000033  c_w.l(libinit2.o)
    0x0800022a   0x00000002   Code   RO         5833    .ARM.Collect$$libshutdown$$00000000  c_w.l(libshutdown.o)
    0x0800022c   0x00000000   Code   RO         5843    .ARM.Collect$$libshutdown$$00000003  c_w.l(libshutdown2.o)
    0x0800022c   0x00000000   Code   RO         5846    .ARM.Collect$$libshutdown$$00000006  c_w.l(libshutdown2.o)
    0x0800022c   0x00000000   Code   RO         5849    .ARM.Collect$$libshutdown$$00000009  c_w.l(libshutdown2.o)
    0x0800022c   0x00000000   Code   RO         5851    .ARM.Collect$$libshutdown$$0000000B  c_w.l(libshutdown2.o)
    0x0800022c   0x00000000   Code   RO         5854    .ARM.Collect$$libshutdown$$0000000E  c_w.l(libshutdown2.o)
    0x0800022c   0x00000002   Code   RO         5855    .ARM.Collect$$libshutdown$$0000000F  c_w.l(libshutdown2.o)
    0x0800022e   0x00000000   Code   RO         5671    .ARM.Collect$$rtentry$$00000000  c_w.l(__rtentry.o)
    0x0800022e   0x00000000   Code   RO         5683    .ARM.Collect$$rtentry$$00000002  c_w.l(__rtentry2.o)
    0x0800022e   0x00000006   Code   RO         5695    .ARM.Collect$$rtentry$$00000004  c_w.l(__rtentry4.o)
    0x08000234   0x00000000   Code   RO         5685    .ARM.Collect$$rtentry$$00000009  c_w.l(__rtentry2.o)
    0x08000234   0x00000004   Code   RO         5686    .ARM.Collect$$rtentry$$0000000A  c_w.l(__rtentry2.o)
    0x08000238   0x00000000   Code   RO         5688    .ARM.Collect$$rtentry$$0000000C  c_w.l(__rtentry2.o)
    0x08000238   0x00000008   Code   RO         5689    .ARM.Collect$$rtentry$$0000000D  c_w.l(__rtentry2.o)
    0x08000240   0x00000002   Code   RO         5806    .ARM.Collect$$rtexit$$00000000  c_w.l(rtexit.o)
    0x08000242   0x00000000   Code   RO         5813    .ARM.Collect$$rtexit$$00000002  c_w.l(rtexit2.o)
    0x08000242   0x00000004   Code   RO         5814    .ARM.Collect$$rtexit$$00000003  c_w.l(rtexit2.o)
    0x08000246   0x00000006   Code   RO         5815    .ARM.Collect$$rtexit$$00000004  c_w.l(rtexit2.o)
    0x0800024c   0x00000040   Code   RO          356  * .text               startup_stm32f401xx.o
    0x0800028c   0x000000a8   Code   RO          891    .text               os_cpu_a.o
    0x08000334   0x00000002   Code   RO         5631    .text               c_w.l(use_no_semi_2.o)
    0x08000336   0x00000002   PAD
    0x08000338   0x00000018   Code   RO         5635    .text               c_w.l(noretval__2printf.o)
    0x08000350   0x00000068   Code   RO         5637    .text               c_w.l(__printf.o)
    0x080003b8   0x00000006   Code   RO         5661    .text               c_w.l(heapauxi.o)
    0x080003be   0x00000002   Code   RO         5669    .text               c_w.l(use_no_semi.o)
    0x080003c0   0x0000041a   Code   RO         5672    .text               c_w.l(_printf_fp_dec.o)
    0x080007da   0x00000002   PAD
    0x080007dc   0x00000024   Code   RO         5674    .text               c_w.l(_printf_char_file.o)
    0x08000800   0x00000008   Code   RO         5700    .text               c_w.l(rt_locale_intlibspace.o)
    0x08000808   0x0000008a   Code   RO         5702    .text               c_w.l(lludiv10.o)
    0x08000892   0x00000002   PAD
    0x08000894   0x00000030   Code   RO         5704    .text               c_w.l(_printf_char_common.o)
    0x080008c4   0x00000080   Code   RO         5706    .text               c_w.l(_printf_fp_infnan.o)
    0x08000944   0x000000dc   Code   RO         5708    .text               c_w.l(bigflt0.o)
    0x08000a20   0x00000008   Code   RO         5733    .text               c_w.l(ferror.o)
    0x08000a28   0x00000008   Code   RO         5744    .text               c_w.l(libspace.o)
    0x08000a30   0x0000004a   Code   RO         5747    .text               c_w.l(sys_stackheap_outer.o)
    0x08000a7a   0x0000000c   Code   RO         5751    .text               c_w.l(exit.o)
    0x08000a86   0x00000002   PAD
    0x08000a88   0x00000080   Code   RO         5753    .text               c_w.l(strcmpv7m.o)
    0x08000b08   0x0000003e   Code   RO         5711    CL$$btod_d2e        c_w.l(btod.o)
    0x08000b46   0x00000046   Code   RO         5713    CL$$btod_d2e_denorm_low  c_w.l(btod.o)
    0x08000b8c   0x00000060   Code   RO         5712    CL$$btod_d2e_norm_op1  c_w.l(btod.o)
    0x08000bec   0x00000338   Code   RO         5721    CL$$btod_div_common  c_w.l(btod.o)
    0x08000f24   0x000000c6   Code   RO         5718    CL$$btod_e2e        c_w.l(btod.o)
    0x08000fea   0x00000028   Code   RO         5715    CL$$btod_ediv       c_w.l(btod.o)
    0x08001012   0x00000028   Code   RO         5714    CL$$btod_emul       c_w.l(btod.o)
    0x0800103a   0x00000244   Code   RO         5720    CL$$btod_mult_common  c_w.l(btod.o)
    0x0800127e   0x0000001a   Code   RO          322    i.BSP_Init          bsp.o
    0x08001298   0x00000004   Code   RO          362    i.BusFault_Handler  stm32f4xx_it.o
    0x0800129c   0x00000002   Code   RO          363    i.DebugMon_Handler  stm32f4xx_it.o
    0x0800129e   0x00000040   Code   RO          196    i.GPIO_AF_Set       gpio.o
    0x080012de   0x000000de   Code   RO          197    i.GPIO_Set          gpio.o
    0x080013bc   0x00000004   Code   RO          364    i.HardFault_Handler  stm32f4xx_it.o
    0x080013c0   0x00000004   Code   RO          365    i.MemManage_Handler  stm32f4xx_it.o
    0x080013c4   0x00000002   Code   RO          366    i.NMI_Handler       stm32f4xx_it.o
    0x080013c6   0x00000024   Code   RO          476    i.OSInit            os_core.o
    0x080013ea   0x00000002   PAD
    0x080013ec   0x00000030   Code   RO          896    i.OSInitHookBegin   os_cpu_c.o
    0x0800141c   0x00000002   Code   RO          897    i.OSInitHookEnd     os_cpu_c.o
    0x0800141e   0x00000002   PAD
    0x08001420   0x00000024   Code   RO          477    i.OSIntEnter        os_core.o
    0x08001444   0x00000090   Code   RO          478    i.OSIntExit         os_core.o
    0x080014d4   0x00000048   Code   RO          481    i.OSStart           os_core.o
    0x0800151c   0x00000002   Code   RO          898    i.OSTCBInitHook     os_cpu_c.o
    0x0800151e   0x00000002   PAD
    0x08001520   0x000000a0   Code   RO          726    i.OSTaskCreate      os_task.o
    0x080015c0   0x000000b8   Code   RO          727    i.OSTaskCreateExt   os_task.o
    0x08001678   0x00000002   Code   RO          899    i.OSTaskCreateHook  os_cpu_c.o
    0x0800167a   0x00000002   PAD
    0x0800167c   0x00000138   Code   RO          728    i.OSTaskDel         os_task.o
    0x080017b4   0x00000002   Code   RO          900    i.OSTaskDelHook     os_cpu_c.o
    0x080017b6   0x00000002   Code   RO          901    i.OSTaskIdleHook    os_cpu_c.o
    0x080017b8   0x00000070   Code   RO          731    i.OSTaskNameSet     os_task.o
    0x08001828   0x00000002   Code   RO          902    i.OSTaskReturnHook  os_cpu_c.o
    0x0800182a   0x00000002   Code   RO          903    i.OSTaskStatHook    os_cpu_c.o
    0x0800182c   0x00000088   Code   RO          737    i.OSTaskStkChk      os_task.o
    0x080018b4   0x000000a4   Code   RO          904    i.OSTaskStkInit     os_cpu_c.o
    0x08001958   0x000000a8   Code   RO          738    i.OSTaskSuspend     os_task.o
    0x08001a00   0x00000002   Code   RO          905    i.OSTaskSwHook      os_cpu_c.o
    0x08001a02   0x00000002   PAD
    0x08001a04   0x00000078   Code   RO          835    i.OSTimeDly         os_time.o
    0x08001a7c   0x000000ec   Code   RO          483    i.OSTimeTick        os_core.o
    0x08001b68   0x00000002   Code   RO          906    i.OSTimeTickHook    os_cpu_c.o
    0x08001b6a   0x00000002   Code   RO          485    i.OS_Dummy          os_core.o
    0x08001b6c   0x00000002   Code   RO          486    i.OS_InitEventList  os_core.o
    0x08001b6e   0x00000002   PAD
    0x08001b70   0x0000005c   Code   RO          487    i.OS_InitMisc       os_core.o
    0x08001bcc   0x00000044   Code   RO          488    i.OS_InitRdyList    os_core.o
    0x08001c10   0x00000074   Code   RO          489    i.OS_InitTCBList    os_core.o
    0x08001c84   0x00000050   Code   RO          490    i.OS_InitTaskIdle   os_core.o
    0x08001cd4   0x00000050   Code   RO          491    i.OS_InitTaskStat   os_core.o
    0x08001d24   0x00000012   Code   RO          492    i.OS_MemClr         os_core.o
    0x08001d36   0x00000002   PAD
    0x08001d38   0x00000074   Code   RO          494    i.OS_Sched          os_core.o
    0x08001dac   0x0000002c   Code   RO          495    i.OS_SchedNew       os_core.o
    0x08001dd8   0x00000134   Code   RO          497    i.OS_TCBInit        os_core.o
    0x08001f0c   0x00000028   Code   RO          498    i.OS_TaskIdle       os_core.o
    0x08001f34   0x00000018   Code   RO          739    i.OS_TaskReturn     os_task.o
    0x08001f4c   0x000000a0   Code   RO          499    i.OS_TaskStat       os_core.o
    0x08001fec   0x0000003c   Code   RO          500    i.OS_TaskStatStkChk  os_core.o
    0x08002028   0x0000001a   Code   RO          740    i.OS_TaskStkClr     os_task.o
    0x08002042   0x00000002   PAD
    0x08002044   0x000000a4   Code   RO          170    i.PWM_LED_INIT      pwm_led.o
    0x080020e8   0x00000204   Code   RO          299    i.PWM_OUT_INIT      pwm.o
    0x080022ec   0x000000e8   Code   RO         3488    i.RCC_GetClocksFreq  stm32f4xx_rcc.o
    0x080023d4   0x00000002   Code   RO          368    i.SVC_Handler       stm32f4xx_it.o
    0x080023d6   0x00000002   PAD
    0x080023d8   0x000000e8   Code   RO          439    i.SetSysClock       system_stm32f4xx.o
    0x080024c0   0x00000010   Code   RO          369    i.SysTick_Handler   stm32f4xx_it.o
    0x080024d0   0x00000060   Code   RO          323    i.SysTick_Init      bsp.o
    0x08002530   0x00000068   Code   RO          441    i.SystemInit        system_stm32f4xx.o
    0x08002598   0x00000048   Code   RO          370    i.TIM3_IRQHandler   stm32f4xx_it.o
    0x080025e0   0x0000011c   Code   RO            3    i.Task_1            main.o
    0x080026fc   0x00000004   Code   RO          371    i.UsageFault_Handler  stm32f4xx_it.o
    0x08002700   0x00000030   Code   RO         5742    i.__ARM_fpclassify  m_wm.l(fpclassify.o)
    0x08002730   0x00000006   Code   RO          257    i._sys_exit         usart.o
    0x08002736   0x00000002   PAD
    0x08002738   0x0000001c   Code   RO          258    i.fputc             usart.o
    0x08002754   0x00000028   Code   RO            5    i.main              main.o
    0x0800277c   0x000000e0   Code   RO          259    i.uart_init         usart.o
    0x0800285c   0x0000002c   Code   RO         5738    locale$$code        c_w.l(lc_numeric_c.o)
    0x08002888   0x0000000c   Code   RO         5677    x$fpl$dretinf       fz_wm.l(dretinf.o)
    0x08002894   0x00000056   Code   RO         5665    x$fpl$f2d           fz_wm.l(f2d.o)
    0x080028ea   0x0000008c   Code   RO         5679    x$fpl$fnaninf       fz_wm.l(fnaninf.o)
    0x08002976   0x0000000a   Code   RO         5810    x$fpl$fpinit        fz_wm.l(fpinit.o)
    0x08002980   0x00000004   Code   RO         5667    x$fpl$printf1       fz_wm.l(printf1.o)
    0x08002984   0x00000000   Code   RO         5681    x$fpl$usenofp       fz_wm.l(usenofp.o)
    0x08002984   0x00000100   Data   RO          502    .constdata          os_core.o
    0x08002a84   0x00000094   Data   RO         5709    .constdata          c_w.l(bigflt0.o)
    0x08002b18   0x00000020   Data   RO         5880    Region$$Table       anon$$obj.o
    0x08002b38   0x0000001c   Data   RO         5737    locale$$data        c_w.l(lc_numeric_c.o)


    Execution Region ER_RW (Base: 0x20000000, Size: 0x00000054, Max: 0xffffffff, ABSOLUTE)

    Base Addr    Size         Type   Attr      Idx    E Section Name        Object

    0x20000000   0x00000004   Data   RW          260    .data               usart.o
    0x20000004   0x0000003c   Data   RW          503    .data               os_core.o
    0x20000040   0x00000004   Data   RW          908    .data               os_cpu_c.o
    0x20000044   0x00000010   Data   RW         3519    .data               stm32f4xx_rcc.o


    Execution Region ER_ZI (Base: 0x20000054, Size: 0x0000533c, Max: 0xffffffff, ABSOLUTE)

    Base Addr    Size         Type   Attr      Idx    E Section Name        Object

    0x20000054   0x00004000   Zero   RW            6    .bss                main.o
    0x20004054   0x00000ad8   Zero   RW          501    .bss                os_core.o
    0x20004b2c   0x00000200   Zero   RW          907    .bss                os_cpu_c.o
    0x20004d2c   0x00000060   Zero   RW         5745    .bss                c_w.l(libspace.o)
    0x20004d8c   0x00000004   PAD
    0x20004d90   0x00000200   Zero   RW          354    HEAP                startup_stm32f401xx.o
    0x20004f90   0x00000400   Zero   RW          353    STACK               startup_stm32f401xx.o


==============================================================================

Image component sizes


      Code (inc. data)   RO Data    RW Data    ZI Data      Debug   Object Name

       122         10          0          0          0      27497   bsp.o
       286          0          0          0          0       1577   gpio.o
       324         66          0          0      16384     241905   main.o
      1710        346        256         60       2776      16810   os_core.o
       168         32          0          0          0        272   os_cpu_a.o
       230         18          0          4        512      12372   os_cpu_c.o
      1122        114          0          0          0       6504   os_task.o
       120         20          0          0          0        620   os_time.o
       516         16          0          0          0        647   pwm.o
       164         10          0          0          0        535   pwm_led.o
        64         26        404          0       1536        820   startup_stm32f401xx.o
       110         10          0          0          0       4039   stm32f4xx_it.o
       232         18          0         16          0      17676   stm32f4xx_rcc.o
       336         32          0          0          0       1449   system_stm32f4xx.o
       258         20          0          4          0       3310   usart.o

    ----------------------------------------------------------------------
      5782        738        692         84      21208     336033   Object Totals
         0          0         32          0          0          0   (incl. Generated)
        20          0          0          0          0          0   (incl. Padding)

    ----------------------------------------------------------------------

      Code (inc. data)   RO Data    RW Data    ZI Data      Debug   Library Member Name

         8          0          0          0          0         68   __main.o
       104          0          0          0          0         84   __printf.o
         0          0          0          0          0          0   __rtentry.o
        12          0          0          0          0          0   __rtentry2.o
         6          0          0          0          0          0   __rtentry4.o
        52          8          0          0          0          0   __scatter.o
        26          0          0          0          0          0   __scatter_copy.o
        28          0          0          0          0          0   __scatter_zi.o
        48          6          0          0          0         96   _printf_char_common.o
        36          4          0          0          0         80   _printf_char_file.o
         6          0          0          0          0          0   _printf_f.o
      1050          0          0          0          0        216   _printf_fp_dec.o
       128         16          0          0          0         84   _printf_fp_infnan.o
         0          0          0          0          0          0   _printf_percent.o
         4          0          0          0          0          0   _printf_percent_end.o
       220          4        148          0          0         96   bigflt0.o
      1910        128          0          0          0        672   btod.o
        12          0          0          0          0         72   exit.o
         8          0          0          0          0         68   ferror.o
         6          0          0          0          0        152   heapauxi.o
        44         10         28          0          0         76   lc_numeric_c.o
         2          0          0          0          0          0   libinit.o
        22          0          0          0          0          0   libinit2.o
         2          0          0          0          0          0   libshutdown.o
         2          0          0          0          0          0   libshutdown2.o
         8          4          0          0         96         68   libspace.o
       138          0          0          0          0         80   lludiv10.o
        24          4          0          0          0         84   noretval__2printf.o
         8          4          0          0          0         68   rt_locale_intlibspace.o
         2          0          0          0          0          0   rtexit.o
        10          0          0          0          0          0   rtexit2.o
       128          0          0          0          0         68   strcmpv7m.o
        74          0          0          0          0         80   sys_stackheap_outer.o
         2          0          0          0          0         68   use_no_semi.o
         2          0          0          0          0         68   use_no_semi_2.o
        12          0          0          0          0        116   dretinf.o
        86          4          0          0          0        132   f2d.o
       140          4          0          0          0        132   fnaninf.o
        10          0          0          0          0        116   fpinit.o
         4          0          0          0          0        116   printf1.o
         0          0          0          0          0          0   usenofp.o
        48          0          0          0          0        124   fpclassify.o

    ----------------------------------------------------------------------
      4442        196        176          0        100       3084   Library Totals
        10          0          0          0          4          0   (incl. Padding)

    ----------------------------------------------------------------------

      Code (inc. data)   RO Data    RW Data    ZI Data      Debug   Library Name

      4132        188        176          0         96       2348   c_w.l
       252          8          0          0          0        612   fz_wm.l
        48          0          0          0          0        124   m_wm.l

    ----------------------------------------------------------------------
      4442        196        176          0        100       3084   Library Totals

    ----------------------------------------------------------------------

==============================================================================


      Code (inc. data)   RO Data    RW Data    ZI Data      Debug   

     10224        934        868         84      21308     331769   Grand Totals
     10224        934        868         84      21308     331769   ELF Image Totals
     10224        934        868         84          0          0   ROM Totals

==============================================================================

    Total RO  Size (Code + RO Data)                11092 (  10.83kB)
    Total RW  Size (RW Data + ZI Data)             21392 (  20.89kB)
    Total ROM Size (Code + RO Data + RW Data)      11176 (  10.91kB)

==============================================================================

